<html>
<body>
<pre>
<h1>µVision Build Log</h1>
<h2>Tool Versions:</h2>
IDE-Version: ¦ÌVision V5.24.2.0
Copyright (C) 2017 ARM Ltd and ARM Germany GmbH. All rights reserved.
License Information: qweqwe qwe, qwe, LIC=D0D7S-L0CQB-KPRZY-I3H2S-WBZKE-DREHZ
 
Tool Versions:
Toolchain:       MDK-ARM Plus  Version: 5.24.1
Toolchain Path:  C:\software_user\keil\ARM\ARMCC\Bin
C Compiler:      Armcc.exe V5.06 update 5 (build 528)
Assembler:       Armasm.exe V5.06 update 5 (build 528)
Linker/Locator:  ArmLink.exe V5.06 update 5 (build 528)
Library Manager: ArmAr.exe V5.06 update 5 (build 528)
Hex Converter:   FromElf.exe V5.06 update 5 (build 528)
CPU DLL:         SARMCM3.DLL V5.24.1
Dialog DLL:      DCM.DLL V1.16.0.0
Target DLL:      STLink\ST-LINKIII-KEIL_SWO.dll V3.0.1.0
Dialog DLL:      TCM.DLL V1.32.0.0
 
<h2>Project:</h2>
C:\Users\Dennis\Desktop\workspace\github_projects\FOC_L\TsFoc\Tsfoc_Soft_V0_1\TS_FOC_F407\MDK-ARM\TS_FOC_Demo0_1.uvprojx
Project File Date:  03/26/2025

<h2>Output:</h2>
*** Using Compiler 'V5.06 update 5 (build 528)', folder: 'C:\software_user\keil\ARM\ARMCC\Bin'
Rebuild target 'TS_FOC_Demo0_1'
assembling startup_stm32f407xx.s...
compiling crc.c...
compiling dma.c...
compiling i2c.c...
compiling gpio.c...
compiling main.c...
compiling stm32f4xx_ll_adc.c...
compiling spi.c...
compiling stm32f4xx_hal_msp.c...
compiling stm32f4xx_it.c...
compiling usb_otg.c...
compiling rng.c...
compiling can.c...
compiling tim.c...
compiling stm32f4xx_hal_timebase_tim.c...
compiling adc.c...
compiling usart.c...
compiling stm32f4xx_hal_adc_ex.c...
compiling stm32f4xx_hal_tim_ex.c...
compiling stm32f4xx_hal_adc.c...
compiling stm32f4xx_hal_rcc_ex.c...
compiling stm32f4xx_hal_tim.c...
compiling stm32f4xx_hal_flash_ex.c...
compiling stm32f4xx_hal_flash.c...
compiling stm32f4xx_hal_rcc.c...
compiling stm32f4xx_hal_gpio.c...
compiling stm32f4xx_hal_flash_ramfunc.c...
compiling stm32f4xx_hal_pwr_ex.c...
compiling stm32f4xx_hal_pwr.c...
compiling stm32f4xx_hal_dma.c...
compiling stm32f4xx_hal_cortex.c...
compiling stm32f4xx_hal_dma_ex.c...
compiling stm32f4xx_hal.c...
compiling stm32f4xx_hal_exti.c...
compiling stm32f4xx_hal_crc.c...
compiling stm32f4xx_hal_can.c...
compiling stm32f4xx_hal_pcd.c...
compiling stm32f4xx_hal_rng.c...
compiling stm32f4xx_hal_i2c_ex.c...
compiling stm32f4xx_hal_i2c.c...
compiling system_stm32f4xx.c...
compiling stm32f4xx_hal_uart.c...
compiling stm32f4xx_hal_spi.c...
compiling stm32f4xx_hal_pcd_ex.c...
compiling stm32f4xx_ll_usb.c...
linking...
Program Size: Code=16462 RO-data=458 RW-data=28 ZI-data=27132  
FromELF: creating hex file...
"TS_FOC_Demo0_1\TS_FOC_Demo0_1.axf" - 0 Error(s), 0 Warning(s).

<h2>Software Packages used:</h2>

Package Vendor: ARM
                http://www.keil.com/pack/ARM.CMSIS.5.0.1.pack
                ARM.CMSIS.5.0.1
                CMSIS (Cortex Microcontroller Software Interface Standard)
   * Component: CORE Version: 5.0.1

<h2>Collection of Component include folders:</h2>
  .\RTE\_TS_FOC_Demo0_1
  C:\software_user\keil\ARM\CMSIS\5.0.1\CMSIS\Include

<h2>Collection of Component Files used:</h2>

   * Component: ARM::CMSIS:CORE:5.0.1
Build Time Elapsed:  00:00:26
</pre>
</body>
</html>
