


ARM Macro Assembler    Page 1 


    1 00000000                 IMPORT           _tx_thread_system_stack_ptr
    2 00000000                 IMPORT           _tx_initialize_unused_memory
    3 00000000                 IMPORT           _tx_thread_context_save
    4 00000000                 IMPORT           _tx_thread_context_restore
    5 00000000                 IMPORT           _tx_timer_interrupt
    6 00000000                 IMPORT           __main
    7 00000000                 IMPORT           __initial_sp
    8 00000000                 IMPORT           __Vectors
    9 00000000                 IMPORT           __tx_PendSVHandler
   10 00000000 0A037A00 
                       SYSTEM_CLOCK
                               EQU              168000000
   11 00000000 0002903F 
                       SYSTICK_CYCLES
                               EQU              ((SYSTEM_CLOCK / 1000) -1)
   12 00000000                 AREA             ||.text||, CODE, READONLY
   13 00000000                 PRESERVE8
   14 00000000                 EXPORT           _tx_initialize_low_level
   15 00000000         _tx_initialize_low_level
   16 00000000 B672            CPSID            i
   17 00000002 4813            LDR              r0, =_tx_initialize_unused_memo
ry 
                                                            ; Build address of 
                                                            unused memory point
                                                            er
   18 00000004 4913            LDR              r1, =__initial_sp ; Build first
                                                             free address
   19 00000006 F101 0104       ADD              r1, r1, #4  ;
   20 0000000A 6001            STR              r1, [r0]    ; Setup first unuse
                                                            d memory pointer
   21 0000000C F04F 20E0       MOV              r0, #0xE000E000 ; Build address
                                                             of NVIC registers
   22 00000010 4911            LDR              r1, =__Vectors ; Pickup address
                                                             of vector table
   23 00000012 F8C0 1D08       STR              r1, [r0, #0xD08] ; Set vector t
                                                            able address
   24 00000016 4811            LDR              r0, =_tx_thread_system_stack_pt
r 
                                                            ; Build address of 
                                                            system stack pointe
                                                            r
   25 00000018 490F            LDR              r1, =__Vectors ; Pickup address
                                                             of vector table
   26 0000001A 6809            LDR              r1, [r1]    ; Pickup reset stac
                                                            k pointer
   27 0000001C 6001            STR              r1, [r0]    ; Save system stack
                                                             pointer
   28 0000001E F04F 20E0       MOV              r0, #0xE000E000 ; Build address
                                                             of NVIC registers
   29 00000022 490F            LDR              r1, =SYSTICK_CYCLES
   30 00000024 6141            STR              r1, [r0, #0x14] ; Setup SysTick
                                                             Reload Value
   31 00000026 F04F 0107       MOV              r1, #0x7    ; Build SysTick Con
                                                            trol Enable Value
   32 0000002A 6101            STR              r1, [r0, #0x10] ; Setup SysTick
                                                             Control
   33 0000002C F04F 0100       LDR              r1, =0x00000000 ; Rsrv, UsgF, B
                                                            usF, MemM
   34 00000030 F8C0 1D18       STR              r1, [r0, #0xD18] ; Setup System



ARM Macro Assembler    Page 2 


                                                             Handlers 4-7 Prior
                                                            ity Registers
   35 00000034 F04F 417F       LDR              r1, =0xFF000000 ; SVCl, Rsrv, R
                                                            srv, Rsrv
   36 00000038 F8C0 1D1C       STR              r1, [r0, #0xD1C] ; Setup System
                                                             Handlers 8-11 Prio
                                                            rity Registers
   37 0000003C         ; Note: SVC must be lowest priority, which is 0xFF
   38 0000003C 4909            LDR              r1, =0x40FF0000 ; SysT, PnSV, R
                                                            srv, DbgM
   39 0000003E F8C0 1D20       STR              r1, [r0, #0xD20] ; Setup System
                                                             Handlers 12-15 Pri
                                                            ority Registers
   40 00000042 4770            BX               lr
   41 00000044                 EXPORT           SysTick_Handler
   42 00000044         SysTick_Handler
   43 00000044 B501            PUSH             {r0, lr}
   44 00000046 F7FF FFFE       BL               _tx_timer_interrupt
   45 0000004A E8BD 4001       POP              {r0, lr}
   46 0000004E 4770            BX               LR
   47 00000050                 ALIGN
   48 00000050         LTORG
   49 00000050                 END
              00000000 
              00000000 
              00000000 
              00000000 
              0002903F 
              40FF0000 
Command Line: --debug --xref --diag_suppress=9931 --cpu=Cortex-M4.fp --apcs=int
erwork --depend=universal_board_f407vet6\tx_initialize_low_level.d -ouniversal_
board_f407vet6\tx_initialize_low_level.o -ID:\Laboratory_Data\Competition_mater
ials\robotac_2024\SDK\Tracked_vehicle\ThreadX_F4\MDK-ARM\RTE -I"C:\Program File
s\software\MDK\ARM\CMSIS\5.0.1\CMSIS\Include" --predefine="__MICROLIB SETA 1" -
-predefine="__UVISION_VERSION SETA 514" --predefine="_RTE_ SETA 1" --list=tx_in
itialize_low_level.lst ..\port\example_build\tx_initialize_low_level.s



ARM Macro Assembler    Page 1 Alphabetic symbol ordering
Relocatable symbols

LTORG 00000050

Symbol: LTORG
   Definitions
      At line 48 in file ..\port\example_build\tx_initialize_low_level.s
   Uses
      None
Comment: LTORG unused
SysTick_Handler 00000044

Symbol: SysTick_Handler
   Definitions
      At line 42 in file ..\port\example_build\tx_initialize_low_level.s
   Uses
      At line 41 in file ..\port\example_build\tx_initialize_low_level.s
Comment: SysTick_Handler used once
_tx_initialize_low_level 00000000

Symbol: _tx_initialize_low_level
   Definitions
      At line 15 in file ..\port\example_build\tx_initialize_low_level.s
   Uses
      At line 14 in file ..\port\example_build\tx_initialize_low_level.s
Comment: _tx_initialize_low_level used once
|.text| 00000000

Symbol: |.text|
   Definitions
      At line 12 in file ..\port\example_build\tx_initialize_low_level.s
   Uses
      None
Comment: |.text| unused
4 symbols



ARM Macro Assembler    Page 1 Alphabetic symbol ordering
Absolute symbols

SYSTEM_CLOCK 0A037A00

Symbol: SYSTEM_CLOCK
   Definitions
      At line 10 in file ..\port\example_build\tx_initialize_low_level.s
   Uses
      At line 11 in file ..\port\example_build\tx_initialize_low_level.s
Comment: SYSTEM_CLOCK used once
SYSTICK_CYCLES 0002903F

Symbol: SYSTICK_CYCLES
   Definitions
      At line 11 in file ..\port\example_build\tx_initialize_low_level.s
   Uses
      At line 29 in file ..\port\example_build\tx_initialize_low_level.s
Comment: SYSTICK_CYCLES used once
2 symbols



ARM Macro Assembler    Page 1 Alphabetic symbol ordering
External symbols

__Vectors 00000000

Symbol: __Vectors
   Definitions
      At line 8 in file ..\port\example_build\tx_initialize_low_level.s
   Uses
      At line 22 in file ..\port\example_build\tx_initialize_low_level.s
      At line 25 in file ..\port\example_build\tx_initialize_low_level.s

__initial_sp 00000000

Symbol: __initial_sp
   Definitions
      At line 7 in file ..\port\example_build\tx_initialize_low_level.s
   Uses
      At line 18 in file ..\port\example_build\tx_initialize_low_level.s
Comment: __initial_sp used once
__main 00000000

Symbol: __main
   Definitions
      At line 6 in file ..\port\example_build\tx_initialize_low_level.s
   Uses
      None
Comment: __main unused
__tx_PendSVHandler 00000000

Symbol: __tx_PendSVHandler
   Definitions
      At line 9 in file ..\port\example_build\tx_initialize_low_level.s
   Uses
      None
Comment: __tx_PendSVHandler unused
_tx_initialize_unused_memory 00000000

Symbol: _tx_initialize_unused_memory
   Definitions
      At line 2 in file ..\port\example_build\tx_initialize_low_level.s
   Uses
      At line 17 in file ..\port\example_build\tx_initialize_low_level.s
Comment: _tx_initialize_unused_memory used once
_tx_thread_context_restore 00000000

Symbol: _tx_thread_context_restore
   Definitions
      At line 4 in file ..\port\example_build\tx_initialize_low_level.s
   Uses
      None
Comment: _tx_thread_context_restore unused
_tx_thread_context_save 00000000

Symbol: _tx_thread_context_save
   Definitions
      At line 3 in file ..\port\example_build\tx_initialize_low_level.s
   Uses
      None
Comment: _tx_thread_context_save unused
_tx_thread_system_stack_ptr 00000000




ARM Macro Assembler    Page 2 Alphabetic symbol ordering
External symbols

Symbol: _tx_thread_system_stack_ptr
   Definitions
      At line 1 in file ..\port\example_build\tx_initialize_low_level.s
   Uses
      At line 24 in file ..\port\example_build\tx_initialize_low_level.s
Comment: _tx_thread_system_stack_ptr used once
_tx_timer_interrupt 00000000

Symbol: _tx_timer_interrupt
   Definitions
      At line 5 in file ..\port\example_build\tx_initialize_low_level.s
   Uses
      At line 44 in file ..\port\example_build\tx_initialize_low_level.s
Comment: _tx_timer_interrupt used once
9 symbols
351 symbols in table
