<!doctype html public "-//w3c//dtd html 4.0 transitional//en">
<html><head>
<title>Static Call Graph - [Universal_board_F407VET6\Universal_board_F407VET6.axf]</title></head>
<body><HR>
<H1>Static Call Graph for image Universal_board_F407VET6\Universal_board_F407VET6.axf</H1><HR>
<BR><P>#&#060CALLGRAPH&#062# ARM Linker, 5060528: Last Updated: Sat Jul 13 14:13:59 2024
<BR><P>
<H3>Maximum Stack Usage =        280 bytes + Unknown(Functions without stacksize, Cycles, Untraceable Function Pointers)</H3><H3>
Call chain for Maximum Stack Depth:</H3>
main &rArr; _tx_initialize_kernel_enter &rArr; tx_application_define &rArr; ThreadX_Init &rArr; _txe_thread_create &rArr; _tx_thread_create &rArr; _tx_thread_system_resume &rArr; _tx_timer_system_deactivate
<P>
<H3>
Functions with no stack information
</H3><UL>
 <LI><a href="#[11c]">_tx_thread_schedule</a>
 <LI><a href="#[8]">PendSV_Handler</a>
 <LI><a href="#[139]">__tx_PendSVHandler</a>
 <LI><a href="#[13a]">tx_thread_fpu_enable</a>
 <LI><a href="#[13b]">tx_thread_fpu_disable</a>
 <LI><a href="#[13c]">_tx_vfp_access</a>
 <LI><a href="#[11e]">_tx_thread_stack_build</a>
 <LI><a href="#[6f]">_tx_timer_interrupt</a>
 <LI><a href="#[11a]">_tx_initialize_low_level</a>
 <LI><a href="#[9]">SysTick_Handler</a>
</UL>
</UL>
<P>
<H3>
Mutually Recursive functions
</H3> <LI><a href="#[1c]">ADC_IRQHandler</a>&nbsp;&nbsp;&nbsp;&rArr;&nbsp;&nbsp;&nbsp;<a href="#[1c]">ADC_IRQHandler</a><BR>
</UL>
<P>
<H3>
Function Pointers
</H3><UL>
 <LI><a href="#[1c]">ADC_IRQHandler</a> from startup_stm32f407xx.o(.text) referenced from startup_stm32f407xx.o(RESET)
 <LI><a href="#[4]">BusFault_Handler</a> from stm32f4xx_it.o(i.BusFault_Handler) referenced from startup_stm32f407xx.o(RESET)
 <LI><a href="#[1e]">CAN1_RX0_IRQHandler</a> from stm32f4xx_it.o(i.CAN1_RX0_IRQHandler) referenced from startup_stm32f407xx.o(RESET)
 <LI><a href="#[1f]">CAN1_RX1_IRQHandler</a> from startup_stm32f407xx.o(.text) referenced from startup_stm32f407xx.o(RESET)
 <LI><a href="#[20]">CAN1_SCE_IRQHandler</a> from startup_stm32f407xx.o(.text) referenced from startup_stm32f407xx.o(RESET)
 <LI><a href="#[1d]">CAN1_TX_IRQHandler</a> from startup_stm32f407xx.o(.text) referenced from startup_stm32f407xx.o(RESET)
 <LI><a href="#[4a]">CAN2_RX0_IRQHandler</a> from startup_stm32f407xx.o(.text) referenced from startup_stm32f407xx.o(RESET)
 <LI><a href="#[4b]">CAN2_RX1_IRQHandler</a> from startup_stm32f407xx.o(.text) referenced from startup_stm32f407xx.o(RESET)
 <LI><a href="#[4c]">CAN2_SCE_IRQHandler</a> from startup_stm32f407xx.o(.text) referenced from startup_stm32f407xx.o(RESET)
 <LI><a href="#[49]">CAN2_TX_IRQHandler</a> from startup_stm32f407xx.o(.text) referenced from startup_stm32f407xx.o(RESET)
 <LI><a href="#[58]">DCMI_IRQHandler</a> from startup_stm32f407xx.o(.text) referenced from startup_stm32f407xx.o(RESET)
 <LI><a href="#[15]">DMA1_Stream0_IRQHandler</a> from startup_stm32f407xx.o(.text) referenced from startup_stm32f407xx.o(RESET)
 <LI><a href="#[16]">DMA1_Stream1_IRQHandler</a> from startup_stm32f407xx.o(.text) referenced from startup_stm32f407xx.o(RESET)
 <LI><a href="#[17]">DMA1_Stream2_IRQHandler</a> from startup_stm32f407xx.o(.text) referenced from startup_stm32f407xx.o(RESET)
 <LI><a href="#[18]">DMA1_Stream3_IRQHandler</a> from startup_stm32f407xx.o(.text) referenced from startup_stm32f407xx.o(RESET)
 <LI><a href="#[19]">DMA1_Stream4_IRQHandler</a> from startup_stm32f407xx.o(.text) referenced from startup_stm32f407xx.o(RESET)
 <LI><a href="#[1a]">DMA1_Stream5_IRQHandler</a> from startup_stm32f407xx.o(.text) referenced from startup_stm32f407xx.o(RESET)
 <LI><a href="#[1b]">DMA1_Stream6_IRQHandler</a> from startup_stm32f407xx.o(.text) referenced from startup_stm32f407xx.o(RESET)
 <LI><a href="#[39]">DMA1_Stream7_IRQHandler</a> from startup_stm32f407xx.o(.text) referenced from startup_stm32f407xx.o(RESET)
 <LI><a href="#[42]">DMA2_Stream0_IRQHandler</a> from startup_stm32f407xx.o(.text) referenced from startup_stm32f407xx.o(RESET)
 <LI><a href="#[43]">DMA2_Stream1_IRQHandler</a> from startup_stm32f407xx.o(.text) referenced from startup_stm32f407xx.o(RESET)
 <LI><a href="#[44]">DMA2_Stream2_IRQHandler</a> from stm32f4xx_it.o(i.DMA2_Stream2_IRQHandler) referenced from startup_stm32f407xx.o(RESET)
 <LI><a href="#[45]">DMA2_Stream3_IRQHandler</a> from startup_stm32f407xx.o(.text) referenced from startup_stm32f407xx.o(RESET)
 <LI><a href="#[46]">DMA2_Stream4_IRQHandler</a> from startup_stm32f407xx.o(.text) referenced from startup_stm32f407xx.o(RESET)
 <LI><a href="#[4e]">DMA2_Stream5_IRQHandler</a> from startup_stm32f407xx.o(.text) referenced from startup_stm32f407xx.o(RESET)
 <LI><a href="#[4f]">DMA2_Stream6_IRQHandler</a> from startup_stm32f407xx.o(.text) referenced from startup_stm32f407xx.o(RESET)
 <LI><a href="#[50]">DMA2_Stream7_IRQHandler</a> from startup_stm32f407xx.o(.text) referenced from startup_stm32f407xx.o(RESET)
 <LI><a href="#[7]">DebugMon_Handler</a> from stm32f4xx_it.o(i.DebugMon_Handler) referenced from startup_stm32f407xx.o(RESET)
 <LI><a href="#[47]">ETH_IRQHandler</a> from startup_stm32f407xx.o(.text) referenced from startup_stm32f407xx.o(RESET)
 <LI><a href="#[48]">ETH_WKUP_IRQHandler</a> from startup_stm32f407xx.o(.text) referenced from startup_stm32f407xx.o(RESET)
 <LI><a href="#[10]">EXTI0_IRQHandler</a> from startup_stm32f407xx.o(.text) referenced from startup_stm32f407xx.o(RESET)
 <LI><a href="#[32]">EXTI15_10_IRQHandler</a> from startup_stm32f407xx.o(.text) referenced from startup_stm32f407xx.o(RESET)
 <LI><a href="#[11]">EXTI1_IRQHandler</a> from startup_stm32f407xx.o(.text) referenced from startup_stm32f407xx.o(RESET)
 <LI><a href="#[12]">EXTI2_IRQHandler</a> from startup_stm32f407xx.o(.text) referenced from startup_stm32f407xx.o(RESET)
 <LI><a href="#[13]">EXTI3_IRQHandler</a> from startup_stm32f407xx.o(.text) referenced from startup_stm32f407xx.o(RESET)
 <LI><a href="#[14]">EXTI4_IRQHandler</a> from startup_stm32f407xx.o(.text) referenced from startup_stm32f407xx.o(RESET)
 <LI><a href="#[21]">EXTI9_5_IRQHandler</a> from startup_stm32f407xx.o(.text) referenced from startup_stm32f407xx.o(RESET)
 <LI><a href="#[e]">FLASH_IRQHandler</a> from startup_stm32f407xx.o(.text) referenced from startup_stm32f407xx.o(RESET)
 <LI><a href="#[3a]">FMC_IRQHandler</a> from startup_stm32f407xx.o(.text) referenced from startup_stm32f407xx.o(RESET)
 <LI><a href="#[5a]">FPU_IRQHandler</a> from startup_stm32f407xx.o(.text) referenced from startup_stm32f407xx.o(RESET)
 <LI><a href="#[59]">HASH_RNG_IRQHandler</a> from startup_stm32f407xx.o(.text) referenced from startup_stm32f407xx.o(RESET)
 <LI><a href="#[2]">HardFault_Handler</a> from stm32f4xx_it.o(i.HardFault_Handler) referenced from startup_stm32f407xx.o(RESET)
 <LI><a href="#[2a]">I2C1_ER_IRQHandler</a> from startup_stm32f407xx.o(.text) referenced from startup_stm32f407xx.o(RESET)
 <LI><a href="#[29]">I2C1_EV_IRQHandler</a> from startup_stm32f407xx.o(.text) referenced from startup_stm32f407xx.o(RESET)
 <LI><a href="#[2c]">I2C2_ER_IRQHandler</a> from startup_stm32f407xx.o(.text) referenced from startup_stm32f407xx.o(RESET)
 <LI><a href="#[2b]">I2C2_EV_IRQHandler</a> from startup_stm32f407xx.o(.text) referenced from startup_stm32f407xx.o(RESET)
 <LI><a href="#[53]">I2C3_ER_IRQHandler</a> from startup_stm32f407xx.o(.text) referenced from startup_stm32f407xx.o(RESET)
 <LI><a href="#[52]">I2C3_EV_IRQHandler</a> from startup_stm32f407xx.o(.text) referenced from startup_stm32f407xx.o(RESET)
 <LI><a href="#[3]">MemManage_Handler</a> from stm32f4xx_it.o(i.MemManage_Handler) referenced from startup_stm32f407xx.o(RESET)
 <LI><a href="#[1]">NMI_Handler</a> from stm32f4xx_it.o(i.NMI_Handler) referenced from startup_stm32f407xx.o(RESET)
 <LI><a href="#[4d]">OTG_FS_IRQHandler</a> from startup_stm32f407xx.o(.text) referenced from startup_stm32f407xx.o(RESET)
 <LI><a href="#[34]">OTG_FS_WKUP_IRQHandler</a> from startup_stm32f407xx.o(.text) referenced from startup_stm32f407xx.o(RESET)
 <LI><a href="#[55]">OTG_HS_EP1_IN_IRQHandler</a> from startup_stm32f407xx.o(.text) referenced from startup_stm32f407xx.o(RESET)
 <LI><a href="#[54]">OTG_HS_EP1_OUT_IRQHandler</a> from startup_stm32f407xx.o(.text) referenced from startup_stm32f407xx.o(RESET)
 <LI><a href="#[57]">OTG_HS_IRQHandler</a> from startup_stm32f407xx.o(.text) referenced from startup_stm32f407xx.o(RESET)
 <LI><a href="#[56]">OTG_HS_WKUP_IRQHandler</a> from startup_stm32f407xx.o(.text) referenced from startup_stm32f407xx.o(RESET)
 <LI><a href="#[b]">PVD_IRQHandler</a> from startup_stm32f407xx.o(.text) referenced from startup_stm32f407xx.o(RESET)
 <LI><a href="#[8]">PendSV_Handler</a> from tx_thread_schedule.o(.text) referenced from startup_stm32f407xx.o(RESET)
 <LI><a href="#[f]">RCC_IRQHandler</a> from startup_stm32f407xx.o(.text) referenced from startup_stm32f407xx.o(RESET)
 <LI><a href="#[33]">RTC_Alarm_IRQHandler</a> from startup_stm32f407xx.o(.text) referenced from startup_stm32f407xx.o(RESET)
 <LI><a href="#[d]">RTC_WKUP_IRQHandler</a> from startup_stm32f407xx.o(.text) referenced from startup_stm32f407xx.o(RESET)
 <LI><a href="#[0]">Reset_Handler</a> from startup_stm32f407xx.o(.text) referenced from startup_stm32f407xx.o(RESET)
 <LI><a href="#[3b]">SDIO_IRQHandler</a> from startup_stm32f407xx.o(.text) referenced from startup_stm32f407xx.o(RESET)
 <LI><a href="#[2d]">SPI1_IRQHandler</a> from startup_stm32f407xx.o(.text) referenced from startup_stm32f407xx.o(RESET)
 <LI><a href="#[2e]">SPI2_IRQHandler</a> from startup_stm32f407xx.o(.text) referenced from startup_stm32f407xx.o(RESET)
 <LI><a href="#[3d]">SPI3_IRQHandler</a> from startup_stm32f407xx.o(.text) referenced from startup_stm32f407xx.o(RESET)
 <LI><a href="#[6]">SVC_Handler</a> from stm32f4xx_it.o(i.SVC_Handler) referenced from startup_stm32f407xx.o(RESET)
 <LI><a href="#[9]">SysTick_Handler</a> from tx_initialize_low_level.o(.text) referenced from startup_stm32f407xx.o(RESET)
 <LI><a href="#[5c]">SystemInit</a> from system_stm32f4xx.o(i.SystemInit) referenced from startup_stm32f407xx.o(.text)
 <LI><a href="#[c]">TAMP_STAMP_IRQHandler</a> from startup_stm32f407xx.o(.text) referenced from startup_stm32f407xx.o(RESET)
 <LI><a href="#[22]">TIM1_BRK_TIM9_IRQHandler</a> from startup_stm32f407xx.o(.text) referenced from startup_stm32f407xx.o(RESET)
 <LI><a href="#[25]">TIM1_CC_IRQHandler</a> from startup_stm32f407xx.o(.text) referenced from startup_stm32f407xx.o(RESET)
 <LI><a href="#[24]">TIM1_TRG_COM_TIM11_IRQHandler</a> from startup_stm32f407xx.o(.text) referenced from startup_stm32f407xx.o(RESET)
 <LI><a href="#[23]">TIM1_UP_TIM10_IRQHandler</a> from startup_stm32f407xx.o(.text) referenced from startup_stm32f407xx.o(RESET)
 <LI><a href="#[26]">TIM2_IRQHandler</a> from startup_stm32f407xx.o(.text) referenced from startup_stm32f407xx.o(RESET)
 <LI><a href="#[27]">TIM3_IRQHandler</a> from stm32f4xx_it.o(i.TIM3_IRQHandler) referenced from startup_stm32f407xx.o(RESET)
 <LI><a href="#[28]">TIM4_IRQHandler</a> from stm32f4xx_it.o(i.TIM4_IRQHandler) referenced from startup_stm32f407xx.o(RESET)
 <LI><a href="#[3c]">TIM5_IRQHandler</a> from stm32f4xx_it.o(i.TIM5_IRQHandler) referenced from startup_stm32f407xx.o(RESET)
 <LI><a href="#[40]">TIM6_DAC_IRQHandler</a> from startup_stm32f407xx.o(.text) referenced from startup_stm32f407xx.o(RESET)
 <LI><a href="#[41]">TIM7_IRQHandler</a> from startup_stm32f407xx.o(.text) referenced from startup_stm32f407xx.o(RESET)
 <LI><a href="#[35]">TIM8_BRK_TIM12_IRQHandler</a> from startup_stm32f407xx.o(.text) referenced from startup_stm32f407xx.o(RESET)
 <LI><a href="#[38]">TIM8_CC_IRQHandler</a> from startup_stm32f407xx.o(.text) referenced from startup_stm32f407xx.o(RESET)
 <LI><a href="#[37]">TIM8_TRG_COM_TIM14_IRQHandler</a> from stm32f4xx_it.o(i.TIM8_TRG_COM_TIM14_IRQHandler) referenced from startup_stm32f407xx.o(RESET)
 <LI><a href="#[36]">TIM8_UP_TIM13_IRQHandler</a> from startup_stm32f407xx.o(.text) referenced from startup_stm32f407xx.o(RESET)
 <LI><a href="#[64]">Thread_GY95_Entry</a> from threadx_control.o(i.Thread_GY95_Entry) referenced from threadx_control.o(i.ThreadX_Init)
 <LI><a href="#[61]">Thread_Led_Entry</a> from threadx_control.o(i.Thread_Led_Entry) referenced from threadx_control.o(i.ThreadX_Init)
 <LI><a href="#[62]">Thread_Sbus_Entry</a> from threadx_control.o(i.Thread_Sbus_Entry) referenced from threadx_control.o(i.ThreadX_Init)
 <LI><a href="#[63]">Thread_motor_control_Entry</a> from threadx_control.o(i.Thread_motor_control_Entry) referenced from threadx_control.o(i.ThreadX_Init)
 <LI><a href="#[3e]">UART4_IRQHandler</a> from startup_stm32f407xx.o(.text) referenced from startup_stm32f407xx.o(RESET)
 <LI><a href="#[3f]">UART5_IRQHandler</a> from startup_stm32f407xx.o(.text) referenced from startup_stm32f407xx.o(RESET)
 <LI><a href="#[5e]">UART_DMAAbortOnError</a> from stm32f4xx_hal_uart.o(i.UART_DMAAbortOnError) referenced from stm32f4xx_hal_uart.o(i.HAL_UART_IRQHandler)
 <LI><a href="#[67]">UART_DMAError</a> from stm32f4xx_hal_uart.o(i.UART_DMAError) referenced from stm32f4xx_hal_uart.o(i.UART_Start_Receive_DMA)
 <LI><a href="#[65]">UART_DMAReceiveCplt</a> from stm32f4xx_hal_uart.o(i.UART_DMAReceiveCplt) referenced from stm32f4xx_hal_uart.o(i.UART_Start_Receive_DMA)
 <LI><a href="#[66]">UART_DMARxHalfCplt</a> from stm32f4xx_hal_uart.o(i.UART_DMARxHalfCplt) referenced from stm32f4xx_hal_uart.o(i.UART_Start_Receive_DMA)
 <LI><a href="#[2f]">USART1_IRQHandler</a> from stm32f4xx_it.o(i.USART1_IRQHandler) referenced from startup_stm32f407xx.o(RESET)
 <LI><a href="#[30]">USART2_IRQHandler</a> from stm32f4xx_it.o(i.USART2_IRQHandler) referenced from startup_stm32f407xx.o(RESET)
 <LI><a href="#[31]">USART3_IRQHandler</a> from stm32f4xx_it.o(i.USART3_IRQHandler) referenced from startup_stm32f407xx.o(RESET)
 <LI><a href="#[51]">USART6_IRQHandler</a> from stm32f4xx_it.o(i.USART6_IRQHandler) referenced from startup_stm32f407xx.o(RESET)
 <LI><a href="#[5]">UsageFault_Handler</a> from stm32f4xx_it.o(i.UsageFault_Handler) referenced from startup_stm32f407xx.o(RESET)
 <LI><a href="#[a]">WWDG_IRQHandler</a> from startup_stm32f407xx.o(.text) referenced from startup_stm32f407xx.o(RESET)
 <LI><a href="#[5d]">__main</a> from entry.o(.ARM.Collect$$$$00000000) referenced from startup_stm32f407xx.o(.text)
 <LI><a href="#[69]">_tx_byte_pool_cleanup</a> from tx_byte_pool_cleanup.o(i._tx_byte_pool_cleanup) referenced from tx_byte_allocate.o(i._tx_byte_allocate)
 <LI><a href="#[69]">_tx_byte_pool_cleanup</a> from tx_byte_pool_cleanup.o(i._tx_byte_pool_cleanup) referenced from tx_byte_pool_cleanup.o(i._tx_byte_pool_cleanup)
 <LI><a href="#[6b]">_tx_thread_shell_entry</a> from tx_thread_shell_entry.o(i._tx_thread_shell_entry) referenced from tx_thread_create.o(i._tx_thread_create)
 <LI><a href="#[6a]">_tx_thread_timeout</a> from tx_thread_timeout.o(i._tx_thread_timeout) referenced from tx_thread_create.o(i._tx_thread_create)
 <LI><a href="#[6c]">_tx_timer_thread_entry</a> from tx_timer_thread_entry.o(i._tx_timer_thread_entry) referenced from tx_timer_initialize.o(i._tx_timer_initialize)
 <LI><a href="#[68]">fputc</a> from main.o(i.fputc) referenced from printf6.o(i.__0printf$6)
 <LI><a href="#[5b]">main</a> from main.o(i.main) referenced from entry9a.o(.ARM.Collect$$$$0000000B)
 <LI><a href="#[5f]">pid_param_init</a> from pid.o(i.pid_param_init) referenced from pid.o(i.PID_struct_init)
 <LI><a href="#[60]">pid_reset</a> from pid.o(i.pid_reset) referenced from pid.o(i.PID_struct_init)
</UL>
<P>
<H3>
Global Symbols
</H3>
<P><STRONG><a name="[5d]"></a>__main</STRONG> (Thumb, 0 bytes, Stack size unknown bytes, entry.o(.ARM.Collect$$$$00000000))
<BR>[Address Reference Count : 1]<UL><LI> startup_stm32f407xx.o(.text)
</UL>
<P><STRONG><a name="[133]"></a>_main_stk</STRONG> (Thumb, 0 bytes, Stack size unknown bytes, entry2.o(.ARM.Collect$$$$00000001))

<P><STRONG><a name="[6d]"></a>_main_scatterload</STRONG> (Thumb, 0 bytes, Stack size unknown bytes, entry5.o(.ARM.Collect$$$$00000004))
<BR><BR>[Calls]<UL><LI><a href="#[6e]">&gt;&gt;</a>&nbsp;&nbsp;&nbsp;__scatterload
</UL>

<P><STRONG><a name="[83]"></a>__main_after_scatterload</STRONG> (Thumb, 0 bytes, Stack size unknown bytes, entry5.o(.ARM.Collect$$$$00000004))
<BR><BR>[Called By]<UL><LI><a href="#[6e]">&gt;&gt;</a>&nbsp;&nbsp;&nbsp;__scatterload
</UL>

<P><STRONG><a name="[134]"></a>_main_clock</STRONG> (Thumb, 0 bytes, Stack size unknown bytes, entry7b.o(.ARM.Collect$$$$00000008))

<P><STRONG><a name="[135]"></a>_main_cpp_init</STRONG> (Thumb, 0 bytes, Stack size unknown bytes, entry8b.o(.ARM.Collect$$$$0000000A))

<P><STRONG><a name="[136]"></a>_main_init</STRONG> (Thumb, 0 bytes, Stack size unknown bytes, entry9a.o(.ARM.Collect$$$$0000000B))

<P><STRONG><a name="[137]"></a>__rt_final_cpp</STRONG> (Thumb, 0 bytes, Stack size unknown bytes, entry10a.o(.ARM.Collect$$$$0000000D))

<P><STRONG><a name="[138]"></a>__rt_final_exit</STRONG> (Thumb, 0 bytes, Stack size unknown bytes, entry11a.o(.ARM.Collect$$$$0000000F))

<P><STRONG><a name="[0]"></a>Reset_Handler</STRONG> (Thumb, 8 bytes, Stack size 0 bytes, startup_stm32f407xx.o(.text))
<BR>[Address Reference Count : 1]<UL><LI> startup_stm32f407xx.o(RESET)
</UL>
<P><STRONG><a name="[1c]"></a>ADC_IRQHandler</STRONG> (Thumb, 0 bytes, Stack size 0 bytes, startup_stm32f407xx.o(.text))
<BR><BR>[Calls]<UL><LI><a href="#[1c]">&gt;&gt;</a>&nbsp;&nbsp;&nbsp;ADC_IRQHandler
</UL>
<BR>[Called By]<UL><LI><a href="#[1c]">&gt;&gt;</a>&nbsp;&nbsp;&nbsp;ADC_IRQHandler
</UL>
<BR>[Address Reference Count : 1]<UL><LI> startup_stm32f407xx.o(RESET)
</UL>
<P><STRONG><a name="[1f]"></a>CAN1_RX1_IRQHandler</STRONG> (Thumb, 0 bytes, Stack size 0 bytes, startup_stm32f407xx.o(.text))
<BR>[Address Reference Count : 1]<UL><LI> startup_stm32f407xx.o(RESET)
</UL>
<P><STRONG><a name="[20]"></a>CAN1_SCE_IRQHandler</STRONG> (Thumb, 0 bytes, Stack size 0 bytes, startup_stm32f407xx.o(.text))
<BR>[Address Reference Count : 1]<UL><LI> startup_stm32f407xx.o(RESET)
</UL>
<P><STRONG><a name="[1d]"></a>CAN1_TX_IRQHandler</STRONG> (Thumb, 0 bytes, Stack size 0 bytes, startup_stm32f407xx.o(.text))
<BR>[Address Reference Count : 1]<UL><LI> startup_stm32f407xx.o(RESET)
</UL>
<P><STRONG><a name="[4a]"></a>CAN2_RX0_IRQHandler</STRONG> (Thumb, 0 bytes, Stack size 0 bytes, startup_stm32f407xx.o(.text))
<BR>[Address Reference Count : 1]<UL><LI> startup_stm32f407xx.o(RESET)
</UL>
<P><STRONG><a name="[4b]"></a>CAN2_RX1_IRQHandler</STRONG> (Thumb, 0 bytes, Stack size 0 bytes, startup_stm32f407xx.o(.text))
<BR>[Address Reference Count : 1]<UL><LI> startup_stm32f407xx.o(RESET)
</UL>
<P><STRONG><a name="[4c]"></a>CAN2_SCE_IRQHandler</STRONG> (Thumb, 0 bytes, Stack size 0 bytes, startup_stm32f407xx.o(.text))
<BR>[Address Reference Count : 1]<UL><LI> startup_stm32f407xx.o(RESET)
</UL>
<P><STRONG><a name="[49]"></a>CAN2_TX_IRQHandler</STRONG> (Thumb, 0 bytes, Stack size 0 bytes, startup_stm32f407xx.o(.text))
<BR>[Address Reference Count : 1]<UL><LI> startup_stm32f407xx.o(RESET)
</UL>
<P><STRONG><a name="[58]"></a>DCMI_IRQHandler</STRONG> (Thumb, 0 bytes, Stack size 0 bytes, startup_stm32f407xx.o(.text))
<BR>[Address Reference Count : 1]<UL><LI> startup_stm32f407xx.o(RESET)
</UL>
<P><STRONG><a name="[15]"></a>DMA1_Stream0_IRQHandler</STRONG> (Thumb, 0 bytes, Stack size 0 bytes, startup_stm32f407xx.o(.text))
<BR>[Address Reference Count : 1]<UL><LI> startup_stm32f407xx.o(RESET)
</UL>
<P><STRONG><a name="[16]"></a>DMA1_Stream1_IRQHandler</STRONG> (Thumb, 0 bytes, Stack size 0 bytes, startup_stm32f407xx.o(.text))
<BR>[Address Reference Count : 1]<UL><LI> startup_stm32f407xx.o(RESET)
</UL>
<P><STRONG><a name="[17]"></a>DMA1_Stream2_IRQHandler</STRONG> (Thumb, 0 bytes, Stack size 0 bytes, startup_stm32f407xx.o(.text))
<BR>[Address Reference Count : 1]<UL><LI> startup_stm32f407xx.o(RESET)
</UL>
<P><STRONG><a name="[18]"></a>DMA1_Stream3_IRQHandler</STRONG> (Thumb, 0 bytes, Stack size 0 bytes, startup_stm32f407xx.o(.text))
<BR>[Address Reference Count : 1]<UL><LI> startup_stm32f407xx.o(RESET)
</UL>
<P><STRONG><a name="[19]"></a>DMA1_Stream4_IRQHandler</STRONG> (Thumb, 0 bytes, Stack size 0 bytes, startup_stm32f407xx.o(.text))
<BR>[Address Reference Count : 1]<UL><LI> startup_stm32f407xx.o(RESET)
</UL>
<P><STRONG><a name="[1a]"></a>DMA1_Stream5_IRQHandler</STRONG> (Thumb, 0 bytes, Stack size 0 bytes, startup_stm32f407xx.o(.text))
<BR>[Address Reference Count : 1]<UL><LI> startup_stm32f407xx.o(RESET)
</UL>
<P><STRONG><a name="[1b]"></a>DMA1_Stream6_IRQHandler</STRONG> (Thumb, 0 bytes, Stack size 0 bytes, startup_stm32f407xx.o(.text))
<BR>[Address Reference Count : 1]<UL><LI> startup_stm32f407xx.o(RESET)
</UL>
<P><STRONG><a name="[39]"></a>DMA1_Stream7_IRQHandler</STRONG> (Thumb, 0 bytes, Stack size 0 bytes, startup_stm32f407xx.o(.text))
<BR>[Address Reference Count : 1]<UL><LI> startup_stm32f407xx.o(RESET)
</UL>
<P><STRONG><a name="[42]"></a>DMA2_Stream0_IRQHandler</STRONG> (Thumb, 0 bytes, Stack size 0 bytes, startup_stm32f407xx.o(.text))
<BR>[Address Reference Count : 1]<UL><LI> startup_stm32f407xx.o(RESET)
</UL>
<P><STRONG><a name="[43]"></a>DMA2_Stream1_IRQHandler</STRONG> (Thumb, 0 bytes, Stack size 0 bytes, startup_stm32f407xx.o(.text))
<BR>[Address Reference Count : 1]<UL><LI> startup_stm32f407xx.o(RESET)
</UL>
<P><STRONG><a name="[45]"></a>DMA2_Stream3_IRQHandler</STRONG> (Thumb, 0 bytes, Stack size 0 bytes, startup_stm32f407xx.o(.text))
<BR>[Address Reference Count : 1]<UL><LI> startup_stm32f407xx.o(RESET)
</UL>
<P><STRONG><a name="[46]"></a>DMA2_Stream4_IRQHandler</STRONG> (Thumb, 0 bytes, Stack size 0 bytes, startup_stm32f407xx.o(.text))
<BR>[Address Reference Count : 1]<UL><LI> startup_stm32f407xx.o(RESET)
</UL>
<P><STRONG><a name="[4e]"></a>DMA2_Stream5_IRQHandler</STRONG> (Thumb, 0 bytes, Stack size 0 bytes, startup_stm32f407xx.o(.text))
<BR>[Address Reference Count : 1]<UL><LI> startup_stm32f407xx.o(RESET)
</UL>
<P><STRONG><a name="[4f]"></a>DMA2_Stream6_IRQHandler</STRONG> (Thumb, 0 bytes, Stack size 0 bytes, startup_stm32f407xx.o(.text))
<BR>[Address Reference Count : 1]<UL><LI> startup_stm32f407xx.o(RESET)
</UL>
<P><STRONG><a name="[50]"></a>DMA2_Stream7_IRQHandler</STRONG> (Thumb, 0 bytes, Stack size 0 bytes, startup_stm32f407xx.o(.text))
<BR>[Address Reference Count : 1]<UL><LI> startup_stm32f407xx.o(RESET)
</UL>
<P><STRONG><a name="[47]"></a>ETH_IRQHandler</STRONG> (Thumb, 0 bytes, Stack size 0 bytes, startup_stm32f407xx.o(.text))
<BR>[Address Reference Count : 1]<UL><LI> startup_stm32f407xx.o(RESET)
</UL>
<P><STRONG><a name="[48]"></a>ETH_WKUP_IRQHandler</STRONG> (Thumb, 0 bytes, Stack size 0 bytes, startup_stm32f407xx.o(.text))
<BR>[Address Reference Count : 1]<UL><LI> startup_stm32f407xx.o(RESET)
</UL>
<P><STRONG><a name="[10]"></a>EXTI0_IRQHandler</STRONG> (Thumb, 0 bytes, Stack size 0 bytes, startup_stm32f407xx.o(.text))
<BR>[Address Reference Count : 1]<UL><LI> startup_stm32f407xx.o(RESET)
</UL>
<P><STRONG><a name="[32]"></a>EXTI15_10_IRQHandler</STRONG> (Thumb, 0 bytes, Stack size 0 bytes, startup_stm32f407xx.o(.text))
<BR>[Address Reference Count : 1]<UL><LI> startup_stm32f407xx.o(RESET)
</UL>
<P><STRONG><a name="[11]"></a>EXTI1_IRQHandler</STRONG> (Thumb, 0 bytes, Stack size 0 bytes, startup_stm32f407xx.o(.text))
<BR>[Address Reference Count : 1]<UL><LI> startup_stm32f407xx.o(RESET)
</UL>
<P><STRONG><a name="[12]"></a>EXTI2_IRQHandler</STRONG> (Thumb, 0 bytes, Stack size 0 bytes, startup_stm32f407xx.o(.text))
<BR>[Address Reference Count : 1]<UL><LI> startup_stm32f407xx.o(RESET)
</UL>
<P><STRONG><a name="[13]"></a>EXTI3_IRQHandler</STRONG> (Thumb, 0 bytes, Stack size 0 bytes, startup_stm32f407xx.o(.text))
<BR>[Address Reference Count : 1]<UL><LI> startup_stm32f407xx.o(RESET)
</UL>
<P><STRONG><a name="[14]"></a>EXTI4_IRQHandler</STRONG> (Thumb, 0 bytes, Stack size 0 bytes, startup_stm32f407xx.o(.text))
<BR>[Address Reference Count : 1]<UL><LI> startup_stm32f407xx.o(RESET)
</UL>
<P><STRONG><a name="[21]"></a>EXTI9_5_IRQHandler</STRONG> (Thumb, 0 bytes, Stack size 0 bytes, startup_stm32f407xx.o(.text))
<BR>[Address Reference Count : 1]<UL><LI> startup_stm32f407xx.o(RESET)
</UL>
<P><STRONG><a name="[e]"></a>FLASH_IRQHandler</STRONG> (Thumb, 0 bytes, Stack size 0 bytes, startup_stm32f407xx.o(.text))
<BR>[Address Reference Count : 1]<UL><LI> startup_stm32f407xx.o(RESET)
</UL>
<P><STRONG><a name="[3a]"></a>FMC_IRQHandler</STRONG> (Thumb, 0 bytes, Stack size 0 bytes, startup_stm32f407xx.o(.text))
<BR>[Address Reference Count : 1]<UL><LI> startup_stm32f407xx.o(RESET)
</UL>
<P><STRONG><a name="[5a]"></a>FPU_IRQHandler</STRONG> (Thumb, 0 bytes, Stack size 0 bytes, startup_stm32f407xx.o(.text))
<BR>[Address Reference Count : 1]<UL><LI> startup_stm32f407xx.o(RESET)
</UL>
<P><STRONG><a name="[59]"></a>HASH_RNG_IRQHandler</STRONG> (Thumb, 0 bytes, Stack size 0 bytes, startup_stm32f407xx.o(.text))
<BR>[Address Reference Count : 1]<UL><LI> startup_stm32f407xx.o(RESET)
</UL>
<P><STRONG><a name="[2a]"></a>I2C1_ER_IRQHandler</STRONG> (Thumb, 0 bytes, Stack size 0 bytes, startup_stm32f407xx.o(.text))
<BR>[Address Reference Count : 1]<UL><LI> startup_stm32f407xx.o(RESET)
</UL>
<P><STRONG><a name="[29]"></a>I2C1_EV_IRQHandler</STRONG> (Thumb, 0 bytes, Stack size 0 bytes, startup_stm32f407xx.o(.text))
<BR>[Address Reference Count : 1]<UL><LI> startup_stm32f407xx.o(RESET)
</UL>
<P><STRONG><a name="[2c]"></a>I2C2_ER_IRQHandler</STRONG> (Thumb, 0 bytes, Stack size 0 bytes, startup_stm32f407xx.o(.text))
<BR>[Address Reference Count : 1]<UL><LI> startup_stm32f407xx.o(RESET)
</UL>
<P><STRONG><a name="[2b]"></a>I2C2_EV_IRQHandler</STRONG> (Thumb, 0 bytes, Stack size 0 bytes, startup_stm32f407xx.o(.text))
<BR>[Address Reference Count : 1]<UL><LI> startup_stm32f407xx.o(RESET)
</UL>
<P><STRONG><a name="[53]"></a>I2C3_ER_IRQHandler</STRONG> (Thumb, 0 bytes, Stack size 0 bytes, startup_stm32f407xx.o(.text))
<BR>[Address Reference Count : 1]<UL><LI> startup_stm32f407xx.o(RESET)
</UL>
<P><STRONG><a name="[52]"></a>I2C3_EV_IRQHandler</STRONG> (Thumb, 0 bytes, Stack size 0 bytes, startup_stm32f407xx.o(.text))
<BR>[Address Reference Count : 1]<UL><LI> startup_stm32f407xx.o(RESET)
</UL>
<P><STRONG><a name="[4d]"></a>OTG_FS_IRQHandler</STRONG> (Thumb, 0 bytes, Stack size 0 bytes, startup_stm32f407xx.o(.text))
<BR>[Address Reference Count : 1]<UL><LI> startup_stm32f407xx.o(RESET)
</UL>
<P><STRONG><a name="[34]"></a>OTG_FS_WKUP_IRQHandler</STRONG> (Thumb, 0 bytes, Stack size 0 bytes, startup_stm32f407xx.o(.text))
<BR>[Address Reference Count : 1]<UL><LI> startup_stm32f407xx.o(RESET)
</UL>
<P><STRONG><a name="[55]"></a>OTG_HS_EP1_IN_IRQHandler</STRONG> (Thumb, 0 bytes, Stack size 0 bytes, startup_stm32f407xx.o(.text))
<BR>[Address Reference Count : 1]<UL><LI> startup_stm32f407xx.o(RESET)
</UL>
<P><STRONG><a name="[54]"></a>OTG_HS_EP1_OUT_IRQHandler</STRONG> (Thumb, 0 bytes, Stack size 0 bytes, startup_stm32f407xx.o(.text))
<BR>[Address Reference Count : 1]<UL><LI> startup_stm32f407xx.o(RESET)
</UL>
<P><STRONG><a name="[57]"></a>OTG_HS_IRQHandler</STRONG> (Thumb, 0 bytes, Stack size 0 bytes, startup_stm32f407xx.o(.text))
<BR>[Address Reference Count : 1]<UL><LI> startup_stm32f407xx.o(RESET)
</UL>
<P><STRONG><a name="[56]"></a>OTG_HS_WKUP_IRQHandler</STRONG> (Thumb, 0 bytes, Stack size 0 bytes, startup_stm32f407xx.o(.text))
<BR>[Address Reference Count : 1]<UL><LI> startup_stm32f407xx.o(RESET)
</UL>
<P><STRONG><a name="[b]"></a>PVD_IRQHandler</STRONG> (Thumb, 0 bytes, Stack size 0 bytes, startup_stm32f407xx.o(.text))
<BR>[Address Reference Count : 1]<UL><LI> startup_stm32f407xx.o(RESET)
</UL>
<P><STRONG><a name="[f]"></a>RCC_IRQHandler</STRONG> (Thumb, 0 bytes, Stack size 0 bytes, startup_stm32f407xx.o(.text))
<BR>[Address Reference Count : 1]<UL><LI> startup_stm32f407xx.o(RESET)
</UL>
<P><STRONG><a name="[33]"></a>RTC_Alarm_IRQHandler</STRONG> (Thumb, 0 bytes, Stack size 0 bytes, startup_stm32f407xx.o(.text))
<BR>[Address Reference Count : 1]<UL><LI> startup_stm32f407xx.o(RESET)
</UL>
<P><STRONG><a name="[d]"></a>RTC_WKUP_IRQHandler</STRONG> (Thumb, 0 bytes, Stack size 0 bytes, startup_stm32f407xx.o(.text))
<BR>[Address Reference Count : 1]<UL><LI> startup_stm32f407xx.o(RESET)
</UL>
<P><STRONG><a name="[3b]"></a>SDIO_IRQHandler</STRONG> (Thumb, 0 bytes, Stack size 0 bytes, startup_stm32f407xx.o(.text))
<BR>[Address Reference Count : 1]<UL><LI> startup_stm32f407xx.o(RESET)
</UL>
<P><STRONG><a name="[2d]"></a>SPI1_IRQHandler</STRONG> (Thumb, 0 bytes, Stack size 0 bytes, startup_stm32f407xx.o(.text))
<BR>[Address Reference Count : 1]<UL><LI> startup_stm32f407xx.o(RESET)
</UL>
<P><STRONG><a name="[2e]"></a>SPI2_IRQHandler</STRONG> (Thumb, 0 bytes, Stack size 0 bytes, startup_stm32f407xx.o(.text))
<BR>[Address Reference Count : 1]<UL><LI> startup_stm32f407xx.o(RESET)
</UL>
<P><STRONG><a name="[3d]"></a>SPI3_IRQHandler</STRONG> (Thumb, 0 bytes, Stack size 0 bytes, startup_stm32f407xx.o(.text))
<BR>[Address Reference Count : 1]<UL><LI> startup_stm32f407xx.o(RESET)
</UL>
<P><STRONG><a name="[c]"></a>TAMP_STAMP_IRQHandler</STRONG> (Thumb, 0 bytes, Stack size 0 bytes, startup_stm32f407xx.o(.text))
<BR>[Address Reference Count : 1]<UL><LI> startup_stm32f407xx.o(RESET)
</UL>
<P><STRONG><a name="[22]"></a>TIM1_BRK_TIM9_IRQHandler</STRONG> (Thumb, 0 bytes, Stack size 0 bytes, startup_stm32f407xx.o(.text))
<BR>[Address Reference Count : 1]<UL><LI> startup_stm32f407xx.o(RESET)
</UL>
<P><STRONG><a name="[25]"></a>TIM1_CC_IRQHandler</STRONG> (Thumb, 0 bytes, Stack size 0 bytes, startup_stm32f407xx.o(.text))
<BR>[Address Reference Count : 1]<UL><LI> startup_stm32f407xx.o(RESET)
</UL>
<P><STRONG><a name="[24]"></a>TIM1_TRG_COM_TIM11_IRQHandler</STRONG> (Thumb, 0 bytes, Stack size 0 bytes, startup_stm32f407xx.o(.text))
<BR>[Address Reference Count : 1]<UL><LI> startup_stm32f407xx.o(RESET)
</UL>
<P><STRONG><a name="[23]"></a>TIM1_UP_TIM10_IRQHandler</STRONG> (Thumb, 0 bytes, Stack size 0 bytes, startup_stm32f407xx.o(.text))
<BR>[Address Reference Count : 1]<UL><LI> startup_stm32f407xx.o(RESET)
</UL>
<P><STRONG><a name="[26]"></a>TIM2_IRQHandler</STRONG> (Thumb, 0 bytes, Stack size 0 bytes, startup_stm32f407xx.o(.text))
<BR>[Address Reference Count : 1]<UL><LI> startup_stm32f407xx.o(RESET)
</UL>
<P><STRONG><a name="[40]"></a>TIM6_DAC_IRQHandler</STRONG> (Thumb, 0 bytes, Stack size 0 bytes, startup_stm32f407xx.o(.text))
<BR>[Address Reference Count : 1]<UL><LI> startup_stm32f407xx.o(RESET)
</UL>
<P><STRONG><a name="[41]"></a>TIM7_IRQHandler</STRONG> (Thumb, 0 bytes, Stack size 0 bytes, startup_stm32f407xx.o(.text))
<BR>[Address Reference Count : 1]<UL><LI> startup_stm32f407xx.o(RESET)
</UL>
<P><STRONG><a name="[35]"></a>TIM8_BRK_TIM12_IRQHandler</STRONG> (Thumb, 0 bytes, Stack size 0 bytes, startup_stm32f407xx.o(.text))
<BR>[Address Reference Count : 1]<UL><LI> startup_stm32f407xx.o(RESET)
</UL>
<P><STRONG><a name="[38]"></a>TIM8_CC_IRQHandler</STRONG> (Thumb, 0 bytes, Stack size 0 bytes, startup_stm32f407xx.o(.text))
<BR>[Address Reference Count : 1]<UL><LI> startup_stm32f407xx.o(RESET)
</UL>
<P><STRONG><a name="[36]"></a>TIM8_UP_TIM13_IRQHandler</STRONG> (Thumb, 0 bytes, Stack size 0 bytes, startup_stm32f407xx.o(.text))
<BR>[Address Reference Count : 1]<UL><LI> startup_stm32f407xx.o(RESET)
</UL>
<P><STRONG><a name="[3e]"></a>UART4_IRQHandler</STRONG> (Thumb, 0 bytes, Stack size 0 bytes, startup_stm32f407xx.o(.text))
<BR>[Address Reference Count : 1]<UL><LI> startup_stm32f407xx.o(RESET)
</UL>
<P><STRONG><a name="[3f]"></a>UART5_IRQHandler</STRONG> (Thumb, 0 bytes, Stack size 0 bytes, startup_stm32f407xx.o(.text))
<BR>[Address Reference Count : 1]<UL><LI> startup_stm32f407xx.o(RESET)
</UL>
<P><STRONG><a name="[a]"></a>WWDG_IRQHandler</STRONG> (Thumb, 0 bytes, Stack size 0 bytes, startup_stm32f407xx.o(.text))
<BR>[Address Reference Count : 1]<UL><LI> startup_stm32f407xx.o(RESET)
</UL>
<P><STRONG><a name="[11c]"></a>_tx_thread_schedule</STRONG> (Thumb, 0 bytes, Stack size unknown bytes, tx_thread_schedule.o(.text))
<BR><BR>[Called By]<UL><LI><a href="#[119]">&gt;&gt;</a>&nbsp;&nbsp;&nbsp;_tx_initialize_kernel_enter
</UL>

<P><STRONG><a name="[8]"></a>PendSV_Handler</STRONG> (Thumb, 0 bytes, Stack size unknown bytes, tx_thread_schedule.o(.text))
<BR>[Address Reference Count : 1]<UL><LI> startup_stm32f407xx.o(RESET)
</UL>
<P><STRONG><a name="[139]"></a>__tx_PendSVHandler</STRONG> (Thumb, 0 bytes, Stack size unknown bytes, tx_thread_schedule.o(.text), UNUSED)

<P><STRONG><a name="[13a]"></a>tx_thread_fpu_enable</STRONG> (Thumb, 0 bytes, Stack size unknown bytes, tx_thread_schedule.o(.text), UNUSED)

<P><STRONG><a name="[13b]"></a>tx_thread_fpu_disable</STRONG> (Thumb, 0 bytes, Stack size unknown bytes, tx_thread_schedule.o(.text), UNUSED)

<P><STRONG><a name="[13c]"></a>_tx_vfp_access</STRONG> (Thumb, 0 bytes, Stack size unknown bytes, tx_thread_schedule.o(.text), UNUSED)

<P><STRONG><a name="[11e]"></a>_tx_thread_stack_build</STRONG> (Thumb, 0 bytes, Stack size unknown bytes, tx_thread_stack_build.o(.text))
<BR><BR>[Called By]<UL><LI><a href="#[11d]">&gt;&gt;</a>&nbsp;&nbsp;&nbsp;_tx_thread_create
</UL>

<P><STRONG><a name="[6f]"></a>_tx_timer_interrupt</STRONG> (Thumb, 0 bytes, Stack size unknown bytes, tx_timer_interrupt.o(.text))
<BR><BR>[Stack]<UL><LI>Max Depth = 56 + Unknown Stack Size
<LI>Call Chain = _tx_timer_interrupt &rArr; _tx_timer_expiration_process &rArr; _tx_thread_system_resume &rArr; _tx_timer_system_deactivate
</UL>
<BR>[Calls]<UL><LI><a href="#[70]">&gt;&gt;</a>&nbsp;&nbsp;&nbsp;_tx_timer_expiration_process
<LI><a href="#[71]">&gt;&gt;</a>&nbsp;&nbsp;&nbsp;_tx_thread_time_slice
</UL>
<BR>[Called By]<UL><LI><a href="#[9]">&gt;&gt;</a>&nbsp;&nbsp;&nbsp;SysTick_Handler
</UL>

<P><STRONG><a name="[11a]"></a>_tx_initialize_low_level</STRONG> (Thumb, 0 bytes, Stack size unknown bytes, tx_initialize_low_level.o(.text))
<BR><BR>[Called By]<UL><LI><a href="#[119]">&gt;&gt;</a>&nbsp;&nbsp;&nbsp;_tx_initialize_kernel_enter
</UL>

<P><STRONG><a name="[9]"></a>SysTick_Handler</STRONG> (Thumb, 0 bytes, Stack size unknown bytes, tx_initialize_low_level.o(.text))
<BR><BR>[Stack]<UL><LI>Max Depth = 56 + Unknown Stack Size
<LI>Call Chain = SysTick_Handler &rArr; _tx_timer_interrupt &rArr; _tx_timer_expiration_process &rArr; _tx_thread_system_resume &rArr; _tx_timer_system_deactivate
</UL>
<BR>[Calls]<UL><LI><a href="#[6f]">&gt;&gt;</a>&nbsp;&nbsp;&nbsp;_tx_timer_interrupt
</UL>
<BR>[Address Reference Count : 1]<UL><LI> startup_stm32f407xx.o(RESET)
</UL>
<P><STRONG><a name="[72]"></a>__aeabi_uldivmod</STRONG> (Thumb, 98 bytes, Stack size 40 bytes, uldiv.o(.text))
<BR><BR>[Stack]<UL><LI>Max Depth = 40<LI>Call Chain = __aeabi_uldivmod
</UL>
<BR>[Calls]<UL><LI><a href="#[73]">&gt;&gt;</a>&nbsp;&nbsp;&nbsp;__aeabi_llsr
<LI><a href="#[74]">&gt;&gt;</a>&nbsp;&nbsp;&nbsp;__aeabi_llsl
</UL>
<BR>[Called By]<UL><LI><a href="#[b3]">&gt;&gt;</a>&nbsp;&nbsp;&nbsp;HAL_RCC_GetSysClockFreq
<LI><a href="#[d9]">&gt;&gt;</a>&nbsp;&nbsp;&nbsp;UART_SetConfig
</UL>

<P><STRONG><a name="[106]"></a>__aeabi_memcpy</STRONG> (Thumb, 36 bytes, Stack size 0 bytes, memcpya.o(.text))
<BR><BR>[Called By]<UL><LI><a href="#[31]">&gt;&gt;</a>&nbsp;&nbsp;&nbsp;USART3_IRQHandler
</UL>

<P><STRONG><a name="[13d]"></a>__aeabi_memcpy4</STRONG> (Thumb, 0 bytes, Stack size 0 bytes, memcpya.o(.text), UNUSED)

<P><STRONG><a name="[13e]"></a>__aeabi_memcpy8</STRONG> (Thumb, 0 bytes, Stack size 0 bytes, memcpya.o(.text), UNUSED)

<P><STRONG><a name="[76]"></a>__aeabi_memset</STRONG> (Thumb, 14 bytes, Stack size 0 bytes, memseta.o(.text))
<BR><BR>[Called By]<UL><LI><a href="#[11d]">&gt;&gt;</a>&nbsp;&nbsp;&nbsp;_tx_thread_create
<LI><a href="#[77]">&gt;&gt;</a>&nbsp;&nbsp;&nbsp;_memset$wrapper
<LI><a href="#[75]">&gt;&gt;</a>&nbsp;&nbsp;&nbsp;__aeabi_memclr
</UL>

<P><STRONG><a name="[13f]"></a>__aeabi_memset4</STRONG> (Thumb, 0 bytes, Stack size 0 bytes, memseta.o(.text), UNUSED)

<P><STRONG><a name="[140]"></a>__aeabi_memset8</STRONG> (Thumb, 0 bytes, Stack size 0 bytes, memseta.o(.text), UNUSED)

<P><STRONG><a name="[75]"></a>__aeabi_memclr</STRONG> (Thumb, 4 bytes, Stack size 0 bytes, memseta.o(.text))
<BR><BR>[Calls]<UL><LI><a href="#[76]">&gt;&gt;</a>&nbsp;&nbsp;&nbsp;__aeabi_memset
</UL>
<BR>[Called By]<UL><LI><a href="#[f5]">&gt;&gt;</a>&nbsp;&nbsp;&nbsp;Sbus_Recv_Data
</UL>

<P><STRONG><a name="[9a]"></a>__aeabi_memclr4</STRONG> (Thumb, 0 bytes, Stack size 0 bytes, memseta.o(.text))
<BR><BR>[Called By]<UL><LI><a href="#[d8]">&gt;&gt;</a>&nbsp;&nbsp;&nbsp;HAL_UART_MspInit
<LI><a href="#[c3]">&gt;&gt;</a>&nbsp;&nbsp;&nbsp;HAL_TIM_MspPostInit
<LI><a href="#[b8]">&gt;&gt;</a>&nbsp;&nbsp;&nbsp;HAL_SPI_MspInit
<LI><a href="#[a7]">&gt;&gt;</a>&nbsp;&nbsp;&nbsp;HAL_I2C_MspInit
<LI><a href="#[98]">&gt;&gt;</a>&nbsp;&nbsp;&nbsp;HAL_CAN_MspInit
<LI><a href="#[ee]">&gt;&gt;</a>&nbsp;&nbsp;&nbsp;MX_TIM5_Init
<LI><a href="#[ed]">&gt;&gt;</a>&nbsp;&nbsp;&nbsp;MX_TIM4_Init
<LI><a href="#[ec]">&gt;&gt;</a>&nbsp;&nbsp;&nbsp;MX_TIM3_Init
<LI><a href="#[eb]">&gt;&gt;</a>&nbsp;&nbsp;&nbsp;MX_TIM2_Init
<LI><a href="#[e8]">&gt;&gt;</a>&nbsp;&nbsp;&nbsp;MX_TIM1_Init
<LI><a href="#[e2]">&gt;&gt;</a>&nbsp;&nbsp;&nbsp;MX_GPIO_Init
<LI><a href="#[f6]">&gt;&gt;</a>&nbsp;&nbsp;&nbsp;SystemClock_Config
<LI><a href="#[11d]">&gt;&gt;</a>&nbsp;&nbsp;&nbsp;_tx_thread_create
<LI><a href="#[118]">&gt;&gt;</a>&nbsp;&nbsp;&nbsp;_tx_timer_initialize
<LI><a href="#[117]">&gt;&gt;</a>&nbsp;&nbsp;&nbsp;_tx_thread_initialize
<LI><a href="#[113]">&gt;&gt;</a>&nbsp;&nbsp;&nbsp;_tx_byte_pool_create
</UL>

<P><STRONG><a name="[141]"></a>__aeabi_memclr8</STRONG> (Thumb, 0 bytes, Stack size 0 bytes, memseta.o(.text), UNUSED)

<P><STRONG><a name="[77]"></a>_memset$wrapper</STRONG> (Thumb, 18 bytes, Stack size 8 bytes, memseta.o(.text), UNUSED)
<BR><BR>[Calls]<UL><LI><a href="#[76]">&gt;&gt;</a>&nbsp;&nbsp;&nbsp;__aeabi_memset
</UL>

<P><STRONG><a name="[78]"></a>__aeabi_dadd</STRONG> (Thumb, 322 bytes, Stack size 48 bytes, dadd.o(.text))
<BR><BR>[Stack]<UL><LI>Max Depth = 88<LI>Call Chain = __aeabi_dadd &rArr; _double_epilogue &rArr; _double_round
</UL>
<BR>[Calls]<UL><LI><a href="#[79]">&gt;&gt;</a>&nbsp;&nbsp;&nbsp;__aeabi_lasr
<LI><a href="#[74]">&gt;&gt;</a>&nbsp;&nbsp;&nbsp;__aeabi_llsl
<LI><a href="#[7b]">&gt;&gt;</a>&nbsp;&nbsp;&nbsp;_double_round
<LI><a href="#[7a]">&gt;&gt;</a>&nbsp;&nbsp;&nbsp;_double_epilogue
</UL>
<BR>[Called By]<UL><LI><a href="#[7c]">&gt;&gt;</a>&nbsp;&nbsp;&nbsp;__aeabi_dsub
<LI><a href="#[62]">&gt;&gt;</a>&nbsp;&nbsp;&nbsp;Thread_Sbus_Entry
<LI><a href="#[7d]">&gt;&gt;</a>&nbsp;&nbsp;&nbsp;__aeabi_drsub
</UL>

<P><STRONG><a name="[7c]"></a>__aeabi_dsub</STRONG> (Thumb, 6 bytes, Stack size 0 bytes, dadd.o(.text))
<BR><BR>[Stack]<UL><LI>Max Depth = 88<LI>Call Chain = __aeabi_dsub &rArr; __aeabi_dadd &rArr; _double_epilogue &rArr; _double_round
</UL>
<BR>[Calls]<UL><LI><a href="#[78]">&gt;&gt;</a>&nbsp;&nbsp;&nbsp;__aeabi_dadd
</UL>
<BR>[Called By]<UL><LI><a href="#[f5]">&gt;&gt;</a>&nbsp;&nbsp;&nbsp;Sbus_Recv_Data
</UL>

<P><STRONG><a name="[7d]"></a>__aeabi_drsub</STRONG> (Thumb, 6 bytes, Stack size 0 bytes, dadd.o(.text), UNUSED)
<BR><BR>[Calls]<UL><LI><a href="#[78]">&gt;&gt;</a>&nbsp;&nbsp;&nbsp;__aeabi_dadd
</UL>

<P><STRONG><a name="[7e]"></a>__aeabi_dmul</STRONG> (Thumb, 228 bytes, Stack size 48 bytes, dmul.o(.text))
<BR><BR>[Stack]<UL><LI>Max Depth = 88<LI>Call Chain = __aeabi_dmul &rArr; _double_epilogue &rArr; _double_round
</UL>
<BR>[Calls]<UL><LI><a href="#[7a]">&gt;&gt;</a>&nbsp;&nbsp;&nbsp;_double_epilogue
</UL>
<BR>[Called By]<UL><LI><a href="#[62]">&gt;&gt;</a>&nbsp;&nbsp;&nbsp;Thread_Sbus_Entry
</UL>

<P><STRONG><a name="[7f]"></a>__aeabi_ddiv</STRONG> (Thumb, 222 bytes, Stack size 32 bytes, ddiv.o(.text))
<BR><BR>[Stack]<UL><LI>Max Depth = 40<LI>Call Chain = __aeabi_ddiv &rArr; _double_round
</UL>
<BR>[Calls]<UL><LI><a href="#[7b]">&gt;&gt;</a>&nbsp;&nbsp;&nbsp;_double_round
</UL>
<BR>[Called By]<UL><LI><a href="#[f5]">&gt;&gt;</a>&nbsp;&nbsp;&nbsp;Sbus_Recv_Data
</UL>

<P><STRONG><a name="[80]"></a>__aeabi_i2d</STRONG> (Thumb, 34 bytes, Stack size 16 bytes, dflti.o(.text))
<BR><BR>[Stack]<UL><LI>Max Depth = 56<LI>Call Chain = __aeabi_i2d &rArr; _double_epilogue &rArr; _double_round
</UL>
<BR>[Calls]<UL><LI><a href="#[7a]">&gt;&gt;</a>&nbsp;&nbsp;&nbsp;_double_epilogue
</UL>
<BR>[Called By]<UL><LI><a href="#[f5]">&gt;&gt;</a>&nbsp;&nbsp;&nbsp;Sbus_Recv_Data
</UL>

<P><STRONG><a name="[81]"></a>__aeabi_d2iz</STRONG> (Thumb, 62 bytes, Stack size 16 bytes, dfixi.o(.text))
<BR><BR>[Stack]<UL><LI>Max Depth = 16<LI>Call Chain = __aeabi_d2iz
</UL>
<BR>[Calls]<UL><LI><a href="#[73]">&gt;&gt;</a>&nbsp;&nbsp;&nbsp;__aeabi_llsr
</UL>
<BR>[Called By]<UL><LI><a href="#[f5]">&gt;&gt;</a>&nbsp;&nbsp;&nbsp;Sbus_Recv_Data
</UL>

<P><STRONG><a name="[82]"></a>__aeabi_d2uiz</STRONG> (Thumb, 50 bytes, Stack size 8 bytes, dfixui.o(.text))
<BR><BR>[Stack]<UL><LI>Max Depth = 8<LI>Call Chain = __aeabi_d2uiz
</UL>
<BR>[Calls]<UL><LI><a href="#[73]">&gt;&gt;</a>&nbsp;&nbsp;&nbsp;__aeabi_llsr
</UL>
<BR>[Called By]<UL><LI><a href="#[62]">&gt;&gt;</a>&nbsp;&nbsp;&nbsp;Thread_Sbus_Entry
</UL>

<P><STRONG><a name="[131]"></a>__aeabi_f2d</STRONG> (Thumb, 38 bytes, Stack size 0 bytes, f2d.o(.text))
<BR><BR>[Called By]<UL><LI><a href="#[fd]">&gt;&gt;</a>&nbsp;&nbsp;&nbsp;mapValue
</UL>

<P><STRONG><a name="[142]"></a>__aeabi_uidiv</STRONG> (Thumb, 0 bytes, Stack size 12 bytes, uidiv.o(.text), UNUSED)

<P><STRONG><a name="[10a]"></a>__aeabi_uidivmod</STRONG> (Thumb, 44 bytes, Stack size 12 bytes, uidiv.o(.text), UNUSED)
<BR><BR>[Called By]<UL><LI><a href="#[108]">&gt;&gt;</a>&nbsp;&nbsp;&nbsp;_printf_core
</UL>

<P><STRONG><a name="[74]"></a>__aeabi_llsl</STRONG> (Thumb, 30 bytes, Stack size 0 bytes, llshl.o(.text))
<BR><BR>[Called By]<UL><LI><a href="#[78]">&gt;&gt;</a>&nbsp;&nbsp;&nbsp;__aeabi_dadd
<LI><a href="#[72]">&gt;&gt;</a>&nbsp;&nbsp;&nbsp;__aeabi_uldivmod
<LI><a href="#[7a]">&gt;&gt;</a>&nbsp;&nbsp;&nbsp;_double_epilogue
</UL>

<P><STRONG><a name="[143]"></a>_ll_shift_l</STRONG> (Thumb, 0 bytes, Stack size 0 bytes, llshl.o(.text), UNUSED)

<P><STRONG><a name="[73]"></a>__aeabi_llsr</STRONG> (Thumb, 32 bytes, Stack size 0 bytes, llushr.o(.text))
<BR><BR>[Called By]<UL><LI><a href="#[81]">&gt;&gt;</a>&nbsp;&nbsp;&nbsp;__aeabi_d2iz
<LI><a href="#[82]">&gt;&gt;</a>&nbsp;&nbsp;&nbsp;__aeabi_d2uiz
<LI><a href="#[72]">&gt;&gt;</a>&nbsp;&nbsp;&nbsp;__aeabi_uldivmod
<LI><a href="#[7a]">&gt;&gt;</a>&nbsp;&nbsp;&nbsp;_double_epilogue
</UL>

<P><STRONG><a name="[144]"></a>_ll_ushift_r</STRONG> (Thumb, 0 bytes, Stack size 0 bytes, llushr.o(.text), UNUSED)

<P><STRONG><a name="[79]"></a>__aeabi_lasr</STRONG> (Thumb, 36 bytes, Stack size 0 bytes, llsshr.o(.text))
<BR><BR>[Called By]<UL><LI><a href="#[78]">&gt;&gt;</a>&nbsp;&nbsp;&nbsp;__aeabi_dadd
</UL>

<P><STRONG><a name="[145]"></a>_ll_sshift_r</STRONG> (Thumb, 0 bytes, Stack size 0 bytes, llsshr.o(.text), UNUSED)

<P><STRONG><a name="[146]"></a>__I$use$fp</STRONG> (Thumb, 0 bytes, Stack size 8 bytes, iusefp.o(.text), UNUSED)

<P><STRONG><a name="[7b]"></a>_double_round</STRONG> (Thumb, 30 bytes, Stack size 8 bytes, depilogue.o(.text))
<BR><BR>[Stack]<UL><LI>Max Depth = 8<LI>Call Chain = _double_round
</UL>
<BR>[Called By]<UL><LI><a href="#[7f]">&gt;&gt;</a>&nbsp;&nbsp;&nbsp;__aeabi_ddiv
<LI><a href="#[78]">&gt;&gt;</a>&nbsp;&nbsp;&nbsp;__aeabi_dadd
<LI><a href="#[7a]">&gt;&gt;</a>&nbsp;&nbsp;&nbsp;_double_epilogue
</UL>

<P><STRONG><a name="[7a]"></a>_double_epilogue</STRONG> (Thumb, 156 bytes, Stack size 32 bytes, depilogue.o(.text))
<BR><BR>[Stack]<UL><LI>Max Depth = 40<LI>Call Chain = _double_epilogue &rArr; _double_round
</UL>
<BR>[Calls]<UL><LI><a href="#[73]">&gt;&gt;</a>&nbsp;&nbsp;&nbsp;__aeabi_llsr
<LI><a href="#[74]">&gt;&gt;</a>&nbsp;&nbsp;&nbsp;__aeabi_llsl
<LI><a href="#[7b]">&gt;&gt;</a>&nbsp;&nbsp;&nbsp;_double_round
</UL>
<BR>[Called By]<UL><LI><a href="#[80]">&gt;&gt;</a>&nbsp;&nbsp;&nbsp;__aeabi_i2d
<LI><a href="#[7e]">&gt;&gt;</a>&nbsp;&nbsp;&nbsp;__aeabi_dmul
<LI><a href="#[78]">&gt;&gt;</a>&nbsp;&nbsp;&nbsp;__aeabi_dadd
</UL>

<P><STRONG><a name="[6e]"></a>__scatterload</STRONG> (Thumb, 28 bytes, Stack size 0 bytes, init.o(.text))
<BR><BR>[Calls]<UL><LI><a href="#[83]">&gt;&gt;</a>&nbsp;&nbsp;&nbsp;__main_after_scatterload
</UL>
<BR>[Called By]<UL><LI><a href="#[6d]">&gt;&gt;</a>&nbsp;&nbsp;&nbsp;_main_scatterload
</UL>

<P><STRONG><a name="[147]"></a>__scatterload_rt2</STRONG> (Thumb, 0 bytes, Stack size 0 bytes, init.o(.text), UNUSED)

<P><STRONG><a name="[148]"></a>__decompress</STRONG> (Thumb, 0 bytes, Stack size unknown bytes, __dczerorl2.o(.text), UNUSED)

<P><STRONG><a name="[149]"></a>__decompress1</STRONG> (Thumb, 86 bytes, Stack size unknown bytes, __dczerorl2.o(.text), UNUSED)

<P><STRONG><a name="[84]"></a>BSP_UART_IDLE_CallBack</STRONG> (Thumb, 62 bytes, Stack size 16 bytes, sbus.o(i.BSP_UART_IDLE_CallBack))
<BR><BR>[Stack]<UL><LI>Max Depth = 48<LI>Call Chain = BSP_UART_IDLE_CallBack &rArr; HAL_UART_DMAStop &rArr; HAL_DMA_Abort
</UL>
<BR>[Calls]<UL><LI><a href="#[85]">&gt;&gt;</a>&nbsp;&nbsp;&nbsp;HAL_UART_DMAStop
</UL>
<BR>[Called By]<UL><LI><a href="#[2f]">&gt;&gt;</a>&nbsp;&nbsp;&nbsp;USART1_IRQHandler
</UL>

<P><STRONG><a name="[4]"></a>BusFault_Handler</STRONG> (Thumb, 4 bytes, Stack size 0 bytes, stm32f4xx_it.o(i.BusFault_Handler))
<BR>[Address Reference Count : 1]<UL><LI> startup_stm32f407xx.o(RESET)
</UL>
<P><STRONG><a name="[1e]"></a>CAN1_RX0_IRQHandler</STRONG> (Thumb, 10 bytes, Stack size 8 bytes, stm32f4xx_it.o(i.CAN1_RX0_IRQHandler))
<BR><BR>[Stack]<UL><LI>Max Depth = 112<LI>Call Chain = CAN1_RX0_IRQHandler &rArr; HAL_CAN_IRQHandler &rArr; HAL_CAN_RxFifo0MsgPendingCallback &rArr; HAL_CAN_GetRxMessage
</UL>
<BR>[Calls]<UL><LI><a href="#[86]">&gt;&gt;</a>&nbsp;&nbsp;&nbsp;HAL_CAN_IRQHandler
</UL>
<BR>[Address Reference Count : 1]<UL><LI> startup_stm32f407xx.o(RESET)
</UL>
<P><STRONG><a name="[87]"></a>CAN_cmd_chassis</STRONG> (Thumb, 68 bytes, Stack size 24 bytes, user_can.o(i.CAN_cmd_chassis))
<BR><BR>[Stack]<UL><LI>Max Depth = 44<LI>Call Chain = CAN_cmd_chassis &rArr; HAL_CAN_AddTxMessage
</UL>
<BR>[Calls]<UL><LI><a href="#[88]">&gt;&gt;</a>&nbsp;&nbsp;&nbsp;HAL_CAN_AddTxMessage
</UL>
<BR>[Called By]<UL><LI><a href="#[63]">&gt;&gt;</a>&nbsp;&nbsp;&nbsp;Thread_motor_control_Entry
</UL>

<P><STRONG><a name="[44]"></a>DMA2_Stream2_IRQHandler</STRONG> (Thumb, 10 bytes, Stack size 8 bytes, stm32f4xx_it.o(i.DMA2_Stream2_IRQHandler))
<BR><BR>[Stack]<UL><LI>Max Depth = 32<LI>Call Chain = DMA2_Stream2_IRQHandler &rArr; HAL_DMA_IRQHandler
</UL>
<BR>[Calls]<UL><LI><a href="#[89]">&gt;&gt;</a>&nbsp;&nbsp;&nbsp;HAL_DMA_IRQHandler
</UL>
<BR>[Address Reference Count : 1]<UL><LI> startup_stm32f407xx.o(RESET)
</UL>
<P><STRONG><a name="[7]"></a>DebugMon_Handler</STRONG> (Thumb, 2 bytes, Stack size 0 bytes, stm32f4xx_it.o(i.DebugMon_Handler))
<BR>[Address Reference Count : 1]<UL><LI> startup_stm32f407xx.o(RESET)
</UL>
<P><STRONG><a name="[da]"></a>Error_Handler</STRONG> (Thumb, 6 bytes, Stack size 0 bytes, main.o(i.Error_Handler))
<BR><BR>[Called By]<UL><LI><a href="#[d8]">&gt;&gt;</a>&nbsp;&nbsp;&nbsp;HAL_UART_MspInit
<LI><a href="#[f4]">&gt;&gt;</a>&nbsp;&nbsp;&nbsp;MX_USART6_UART_Init
<LI><a href="#[f3]">&gt;&gt;</a>&nbsp;&nbsp;&nbsp;MX_USART3_UART_Init
<LI><a href="#[f2]">&gt;&gt;</a>&nbsp;&nbsp;&nbsp;MX_USART2_UART_Init
<LI><a href="#[f1]">&gt;&gt;</a>&nbsp;&nbsp;&nbsp;MX_USART1_UART_Init
<LI><a href="#[f0]">&gt;&gt;</a>&nbsp;&nbsp;&nbsp;MX_UART5_Init
<LI><a href="#[ef]">&gt;&gt;</a>&nbsp;&nbsp;&nbsp;MX_UART4_Init
<LI><a href="#[ee]">&gt;&gt;</a>&nbsp;&nbsp;&nbsp;MX_TIM5_Init
<LI><a href="#[ed]">&gt;&gt;</a>&nbsp;&nbsp;&nbsp;MX_TIM4_Init
<LI><a href="#[ec]">&gt;&gt;</a>&nbsp;&nbsp;&nbsp;MX_TIM3_Init
<LI><a href="#[eb]">&gt;&gt;</a>&nbsp;&nbsp;&nbsp;MX_TIM2_Init
<LI><a href="#[e8]">&gt;&gt;</a>&nbsp;&nbsp;&nbsp;MX_TIM1_Init
<LI><a href="#[e7]">&gt;&gt;</a>&nbsp;&nbsp;&nbsp;MX_SPI2_Init
<LI><a href="#[e6]">&gt;&gt;</a>&nbsp;&nbsp;&nbsp;MX_SPI1_Init
<LI><a href="#[e5]">&gt;&gt;</a>&nbsp;&nbsp;&nbsp;MX_I2C3_Init
<LI><a href="#[e4]">&gt;&gt;</a>&nbsp;&nbsp;&nbsp;MX_I2C1_Init
<LI><a href="#[e0]">&gt;&gt;</a>&nbsp;&nbsp;&nbsp;MX_CAN2_Init
<LI><a href="#[df]">&gt;&gt;</a>&nbsp;&nbsp;&nbsp;MX_CAN1_Init
<LI><a href="#[f6]">&gt;&gt;</a>&nbsp;&nbsp;&nbsp;SystemClock_Config
</UL>

<P><STRONG><a name="[130]"></a>HAL_CAN_ActivateNotification</STRONG> (Thumb, 42 bytes, Stack size 8 bytes, stm32f4xx_hal_can.o(i.HAL_CAN_ActivateNotification))
<BR><BR>[Stack]<UL><LI>Max Depth = 8<LI>Call Chain = HAL_CAN_ActivateNotification
</UL>
<BR>[Called By]<UL><LI><a href="#[100]">&gt;&gt;</a>&nbsp;&nbsp;&nbsp;can_filter_init
</UL>

<P><STRONG><a name="[88]"></a>HAL_CAN_AddTxMessage</STRONG> (Thumb, 330 bytes, Stack size 20 bytes, stm32f4xx_hal_can.o(i.HAL_CAN_AddTxMessage))
<BR><BR>[Stack]<UL><LI>Max Depth = 20<LI>Call Chain = HAL_CAN_AddTxMessage
</UL>
<BR>[Called By]<UL><LI><a href="#[87]">&gt;&gt;</a>&nbsp;&nbsp;&nbsp;CAN_cmd_chassis
</UL>

<P><STRONG><a name="[12f]"></a>HAL_CAN_ConfigFilter</STRONG> (Thumb, 286 bytes, Stack size 20 bytes, stm32f4xx_hal_can.o(i.HAL_CAN_ConfigFilter))
<BR><BR>[Stack]<UL><LI>Max Depth = 20<LI>Call Chain = HAL_CAN_ConfigFilter
</UL>
<BR>[Called By]<UL><LI><a href="#[100]">&gt;&gt;</a>&nbsp;&nbsp;&nbsp;can_filter_init
</UL>

<P><STRONG><a name="[96]"></a>HAL_CAN_ErrorCallback</STRONG> (Thumb, 2 bytes, Stack size 0 bytes, stm32f4xx_hal_can.o(i.HAL_CAN_ErrorCallback))
<BR><BR>[Called By]<UL><LI><a href="#[86]">&gt;&gt;</a>&nbsp;&nbsp;&nbsp;HAL_CAN_IRQHandler
</UL>

<P><STRONG><a name="[9e]"></a>HAL_CAN_GetRxMessage</STRONG> (Thumb, 404 bytes, Stack size 16 bytes, stm32f4xx_hal_can.o(i.HAL_CAN_GetRxMessage))
<BR><BR>[Stack]<UL><LI>Max Depth = 16<LI>Call Chain = HAL_CAN_GetRxMessage
</UL>
<BR>[Called By]<UL><LI><a href="#[91]">&gt;&gt;</a>&nbsp;&nbsp;&nbsp;HAL_CAN_RxFifo0MsgPendingCallback
</UL>

<P><STRONG><a name="[86]"></a>HAL_CAN_IRQHandler</STRONG> (Thumb, 590 bytes, Stack size 40 bytes, stm32f4xx_hal_can.o(i.HAL_CAN_IRQHandler))
<BR><BR>[Stack]<UL><LI>Max Depth = 104<LI>Call Chain = HAL_CAN_IRQHandler &rArr; HAL_CAN_RxFifo0MsgPendingCallback &rArr; HAL_CAN_GetRxMessage
</UL>
<BR>[Calls]<UL><LI><a href="#[91]">&gt;&gt;</a>&nbsp;&nbsp;&nbsp;HAL_CAN_RxFifo0MsgPendingCallback
<LI><a href="#[95]">&gt;&gt;</a>&nbsp;&nbsp;&nbsp;HAL_CAN_WakeUpFromRxMsgCallback
<LI><a href="#[8e]">&gt;&gt;</a>&nbsp;&nbsp;&nbsp;HAL_CAN_TxMailbox2CompleteCallback
<LI><a href="#[8f]">&gt;&gt;</a>&nbsp;&nbsp;&nbsp;HAL_CAN_TxMailbox2AbortCallback
<LI><a href="#[8c]">&gt;&gt;</a>&nbsp;&nbsp;&nbsp;HAL_CAN_TxMailbox1CompleteCallback
<LI><a href="#[8d]">&gt;&gt;</a>&nbsp;&nbsp;&nbsp;HAL_CAN_TxMailbox1AbortCallback
<LI><a href="#[8a]">&gt;&gt;</a>&nbsp;&nbsp;&nbsp;HAL_CAN_TxMailbox0CompleteCallback
<LI><a href="#[8b]">&gt;&gt;</a>&nbsp;&nbsp;&nbsp;HAL_CAN_TxMailbox0AbortCallback
<LI><a href="#[94]">&gt;&gt;</a>&nbsp;&nbsp;&nbsp;HAL_CAN_SleepCallback
<LI><a href="#[93]">&gt;&gt;</a>&nbsp;&nbsp;&nbsp;HAL_CAN_RxFifo1MsgPendingCallback
<LI><a href="#[92]">&gt;&gt;</a>&nbsp;&nbsp;&nbsp;HAL_CAN_RxFifo1FullCallback
<LI><a href="#[90]">&gt;&gt;</a>&nbsp;&nbsp;&nbsp;HAL_CAN_RxFifo0FullCallback
<LI><a href="#[96]">&gt;&gt;</a>&nbsp;&nbsp;&nbsp;HAL_CAN_ErrorCallback
</UL>
<BR>[Called By]<UL><LI><a href="#[1e]">&gt;&gt;</a>&nbsp;&nbsp;&nbsp;CAN1_RX0_IRQHandler
</UL>

<P><STRONG><a name="[97]"></a>HAL_CAN_Init</STRONG> (Thumb, 372 bytes, Stack size 16 bytes, stm32f4xx_hal_can.o(i.HAL_CAN_Init))
<BR><BR>[Stack]<UL><LI>Max Depth = 96<LI>Call Chain = HAL_CAN_Init &rArr; HAL_CAN_MspInit &rArr; HAL_NVIC_SetPriority &rArr; __NVIC_SetPriority
</UL>
<BR>[Calls]<UL><LI><a href="#[98]">&gt;&gt;</a>&nbsp;&nbsp;&nbsp;HAL_CAN_MspInit
<LI><a href="#[99]">&gt;&gt;</a>&nbsp;&nbsp;&nbsp;HAL_GetTick
</UL>
<BR>[Called By]<UL><LI><a href="#[e0]">&gt;&gt;</a>&nbsp;&nbsp;&nbsp;MX_CAN2_Init
<LI><a href="#[df]">&gt;&gt;</a>&nbsp;&nbsp;&nbsp;MX_CAN1_Init
</UL>

<P><STRONG><a name="[98]"></a>HAL_CAN_MspInit</STRONG> (Thumb, 314 bytes, Stack size 32 bytes, can.o(i.HAL_CAN_MspInit))
<BR><BR>[Stack]<UL><LI>Max Depth = 80<LI>Call Chain = HAL_CAN_MspInit &rArr; HAL_NVIC_SetPriority &rArr; __NVIC_SetPriority
</UL>
<BR>[Calls]<UL><LI><a href="#[9c]">&gt;&gt;</a>&nbsp;&nbsp;&nbsp;HAL_NVIC_SetPriority
<LI><a href="#[9d]">&gt;&gt;</a>&nbsp;&nbsp;&nbsp;HAL_NVIC_EnableIRQ
<LI><a href="#[9b]">&gt;&gt;</a>&nbsp;&nbsp;&nbsp;HAL_GPIO_Init
<LI><a href="#[9a]">&gt;&gt;</a>&nbsp;&nbsp;&nbsp;__aeabi_memclr4
</UL>
<BR>[Called By]<UL><LI><a href="#[97]">&gt;&gt;</a>&nbsp;&nbsp;&nbsp;HAL_CAN_Init
</UL>

<P><STRONG><a name="[90]"></a>HAL_CAN_RxFifo0FullCallback</STRONG> (Thumb, 2 bytes, Stack size 0 bytes, stm32f4xx_hal_can.o(i.HAL_CAN_RxFifo0FullCallback))
<BR><BR>[Called By]<UL><LI><a href="#[86]">&gt;&gt;</a>&nbsp;&nbsp;&nbsp;HAL_CAN_IRQHandler
</UL>

<P><STRONG><a name="[91]"></a>HAL_CAN_RxFifo0MsgPendingCallback</STRONG> (Thumb, 200 bytes, Stack size 48 bytes, user_can.o(i.HAL_CAN_RxFifo0MsgPendingCallback))
<BR><BR>[Stack]<UL><LI>Max Depth = 64<LI>Call Chain = HAL_CAN_RxFifo0MsgPendingCallback &rArr; HAL_CAN_GetRxMessage
</UL>
<BR>[Calls]<UL><LI><a href="#[9e]">&gt;&gt;</a>&nbsp;&nbsp;&nbsp;HAL_CAN_GetRxMessage
</UL>
<BR>[Called By]<UL><LI><a href="#[86]">&gt;&gt;</a>&nbsp;&nbsp;&nbsp;HAL_CAN_IRQHandler
</UL>

<P><STRONG><a name="[92]"></a>HAL_CAN_RxFifo1FullCallback</STRONG> (Thumb, 2 bytes, Stack size 0 bytes, stm32f4xx_hal_can.o(i.HAL_CAN_RxFifo1FullCallback))
<BR><BR>[Called By]<UL><LI><a href="#[86]">&gt;&gt;</a>&nbsp;&nbsp;&nbsp;HAL_CAN_IRQHandler
</UL>

<P><STRONG><a name="[93]"></a>HAL_CAN_RxFifo1MsgPendingCallback</STRONG> (Thumb, 2 bytes, Stack size 0 bytes, stm32f4xx_hal_can.o(i.HAL_CAN_RxFifo1MsgPendingCallback))
<BR><BR>[Called By]<UL><LI><a href="#[86]">&gt;&gt;</a>&nbsp;&nbsp;&nbsp;HAL_CAN_IRQHandler
</UL>

<P><STRONG><a name="[94]"></a>HAL_CAN_SleepCallback</STRONG> (Thumb, 2 bytes, Stack size 0 bytes, stm32f4xx_hal_can.o(i.HAL_CAN_SleepCallback))
<BR><BR>[Called By]<UL><LI><a href="#[86]">&gt;&gt;</a>&nbsp;&nbsp;&nbsp;HAL_CAN_IRQHandler
</UL>

<P><STRONG><a name="[9f]"></a>HAL_CAN_Start</STRONG> (Thumb, 94 bytes, Stack size 16 bytes, stm32f4xx_hal_can.o(i.HAL_CAN_Start))
<BR><BR>[Stack]<UL><LI>Max Depth = 16<LI>Call Chain = HAL_CAN_Start
</UL>
<BR>[Calls]<UL><LI><a href="#[99]">&gt;&gt;</a>&nbsp;&nbsp;&nbsp;HAL_GetTick
</UL>
<BR>[Called By]<UL><LI><a href="#[100]">&gt;&gt;</a>&nbsp;&nbsp;&nbsp;can_filter_init
</UL>

<P><STRONG><a name="[8b]"></a>HAL_CAN_TxMailbox0AbortCallback</STRONG> (Thumb, 2 bytes, Stack size 0 bytes, stm32f4xx_hal_can.o(i.HAL_CAN_TxMailbox0AbortCallback))
<BR><BR>[Called By]<UL><LI><a href="#[86]">&gt;&gt;</a>&nbsp;&nbsp;&nbsp;HAL_CAN_IRQHandler
</UL>

<P><STRONG><a name="[8a]"></a>HAL_CAN_TxMailbox0CompleteCallback</STRONG> (Thumb, 2 bytes, Stack size 0 bytes, stm32f4xx_hal_can.o(i.HAL_CAN_TxMailbox0CompleteCallback))
<BR><BR>[Called By]<UL><LI><a href="#[86]">&gt;&gt;</a>&nbsp;&nbsp;&nbsp;HAL_CAN_IRQHandler
</UL>

<P><STRONG><a name="[8d]"></a>HAL_CAN_TxMailbox1AbortCallback</STRONG> (Thumb, 2 bytes, Stack size 0 bytes, stm32f4xx_hal_can.o(i.HAL_CAN_TxMailbox1AbortCallback))
<BR><BR>[Called By]<UL><LI><a href="#[86]">&gt;&gt;</a>&nbsp;&nbsp;&nbsp;HAL_CAN_IRQHandler
</UL>

<P><STRONG><a name="[8c]"></a>HAL_CAN_TxMailbox1CompleteCallback</STRONG> (Thumb, 2 bytes, Stack size 0 bytes, stm32f4xx_hal_can.o(i.HAL_CAN_TxMailbox1CompleteCallback))
<BR><BR>[Called By]<UL><LI><a href="#[86]">&gt;&gt;</a>&nbsp;&nbsp;&nbsp;HAL_CAN_IRQHandler
</UL>

<P><STRONG><a name="[8f]"></a>HAL_CAN_TxMailbox2AbortCallback</STRONG> (Thumb, 2 bytes, Stack size 0 bytes, stm32f4xx_hal_can.o(i.HAL_CAN_TxMailbox2AbortCallback))
<BR><BR>[Called By]<UL><LI><a href="#[86]">&gt;&gt;</a>&nbsp;&nbsp;&nbsp;HAL_CAN_IRQHandler
</UL>

<P><STRONG><a name="[8e]"></a>HAL_CAN_TxMailbox2CompleteCallback</STRONG> (Thumb, 2 bytes, Stack size 0 bytes, stm32f4xx_hal_can.o(i.HAL_CAN_TxMailbox2CompleteCallback))
<BR><BR>[Called By]<UL><LI><a href="#[86]">&gt;&gt;</a>&nbsp;&nbsp;&nbsp;HAL_CAN_IRQHandler
</UL>

<P><STRONG><a name="[95]"></a>HAL_CAN_WakeUpFromRxMsgCallback</STRONG> (Thumb, 2 bytes, Stack size 0 bytes, stm32f4xx_hal_can.o(i.HAL_CAN_WakeUpFromRxMsgCallback))
<BR><BR>[Called By]<UL><LI><a href="#[86]">&gt;&gt;</a>&nbsp;&nbsp;&nbsp;HAL_CAN_IRQHandler
</UL>

<P><STRONG><a name="[a0]"></a>HAL_DMA_Abort</STRONG> (Thumb, 172 bytes, Stack size 16 bytes, stm32f4xx_hal_dma.o(i.HAL_DMA_Abort))
<BR><BR>[Stack]<UL><LI>Max Depth = 16<LI>Call Chain = HAL_DMA_Abort
</UL>
<BR>[Calls]<UL><LI><a href="#[99]">&gt;&gt;</a>&nbsp;&nbsp;&nbsp;HAL_GetTick
</UL>
<BR>[Called By]<UL><LI><a href="#[85]">&gt;&gt;</a>&nbsp;&nbsp;&nbsp;HAL_UART_DMAStop
<LI><a href="#[d0]">&gt;&gt;</a>&nbsp;&nbsp;&nbsp;HAL_UART_IRQHandler
</UL>

<P><STRONG><a name="[d2]"></a>HAL_DMA_Abort_IT</STRONG> (Thumb, 40 bytes, Stack size 0 bytes, stm32f4xx_hal_dma.o(i.HAL_DMA_Abort_IT))
<BR><BR>[Called By]<UL><LI><a href="#[d0]">&gt;&gt;</a>&nbsp;&nbsp;&nbsp;HAL_UART_IRQHandler
</UL>

<P><STRONG><a name="[89]"></a>HAL_DMA_IRQHandler</STRONG> (Thumb, 570 bytes, Stack size 24 bytes, stm32f4xx_hal_dma.o(i.HAL_DMA_IRQHandler))
<BR><BR>[Stack]<UL><LI>Max Depth = 24<LI>Call Chain = HAL_DMA_IRQHandler
</UL>
<BR>[Called By]<UL><LI><a href="#[44]">&gt;&gt;</a>&nbsp;&nbsp;&nbsp;DMA2_Stream2_IRQHandler
</UL>

<P><STRONG><a name="[a1]"></a>HAL_DMA_Init</STRONG> (Thumb, 232 bytes, Stack size 24 bytes, stm32f4xx_hal_dma.o(i.HAL_DMA_Init))
<BR><BR>[Stack]<UL><LI>Max Depth = 24<LI>Call Chain = HAL_DMA_Init
</UL>
<BR>[Calls]<UL><LI><a href="#[a2]">&gt;&gt;</a>&nbsp;&nbsp;&nbsp;DMA_CheckFifoParam
<LI><a href="#[a3]">&gt;&gt;</a>&nbsp;&nbsp;&nbsp;DMA_CalcBaseAndBitshift
<LI><a href="#[99]">&gt;&gt;</a>&nbsp;&nbsp;&nbsp;HAL_GetTick
</UL>
<BR>[Called By]<UL><LI><a href="#[d8]">&gt;&gt;</a>&nbsp;&nbsp;&nbsp;HAL_UART_MspInit
</UL>

<P><STRONG><a name="[a4]"></a>HAL_DMA_Start_IT</STRONG> (Thumb, 146 bytes, Stack size 32 bytes, stm32f4xx_hal_dma.o(i.HAL_DMA_Start_IT))
<BR><BR>[Stack]<UL><LI>Max Depth = 44<LI>Call Chain = HAL_DMA_Start_IT &rArr; DMA_SetConfig
</UL>
<BR>[Calls]<UL><LI><a href="#[a5]">&gt;&gt;</a>&nbsp;&nbsp;&nbsp;DMA_SetConfig
</UL>
<BR>[Called By]<UL><LI><a href="#[dc]">&gt;&gt;</a>&nbsp;&nbsp;&nbsp;UART_Start_Receive_DMA
</UL>

<P><STRONG><a name="[9b]"></a>HAL_GPIO_Init</STRONG> (Thumb, 454 bytes, Stack size 24 bytes, stm32f4xx_hal_gpio.o(i.HAL_GPIO_Init))
<BR><BR>[Stack]<UL><LI>Max Depth = 24<LI>Call Chain = HAL_GPIO_Init
</UL>
<BR>[Called By]<UL><LI><a href="#[d8]">&gt;&gt;</a>&nbsp;&nbsp;&nbsp;HAL_UART_MspInit
<LI><a href="#[c3]">&gt;&gt;</a>&nbsp;&nbsp;&nbsp;HAL_TIM_MspPostInit
<LI><a href="#[b8]">&gt;&gt;</a>&nbsp;&nbsp;&nbsp;HAL_SPI_MspInit
<LI><a href="#[a7]">&gt;&gt;</a>&nbsp;&nbsp;&nbsp;HAL_I2C_MspInit
<LI><a href="#[98]">&gt;&gt;</a>&nbsp;&nbsp;&nbsp;HAL_CAN_MspInit
<LI><a href="#[e2]">&gt;&gt;</a>&nbsp;&nbsp;&nbsp;MX_GPIO_Init
</UL>

<P><STRONG><a name="[fa]"></a>HAL_GPIO_TogglePin</STRONG> (Thumb, 20 bytes, Stack size 8 bytes, stm32f4xx_hal_gpio.o(i.HAL_GPIO_TogglePin))
<BR><BR>[Stack]<UL><LI>Max Depth = 8<LI>Call Chain = HAL_GPIO_TogglePin
</UL>
<BR>[Called By]<UL><LI><a href="#[62]">&gt;&gt;</a>&nbsp;&nbsp;&nbsp;Thread_Sbus_Entry
<LI><a href="#[64]">&gt;&gt;</a>&nbsp;&nbsp;&nbsp;Thread_GY95_Entry
</UL>

<P><STRONG><a name="[e3]"></a>HAL_GPIO_WritePin</STRONG> (Thumb, 12 bytes, Stack size 0 bytes, stm32f4xx_hal_gpio.o(i.HAL_GPIO_WritePin))
<BR><BR>[Called By]<UL><LI><a href="#[e2]">&gt;&gt;</a>&nbsp;&nbsp;&nbsp;MX_GPIO_Init
</UL>

<P><STRONG><a name="[99]"></a>HAL_GetTick</STRONG> (Thumb, 6 bytes, Stack size 0 bytes, stm32f4xx_hal.o(i.HAL_GetTick))
<BR><BR>[Called By]<UL><LI><a href="#[dd]">&gt;&gt;</a>&nbsp;&nbsp;&nbsp;HAL_UART_Transmit
<LI><a href="#[9f]">&gt;&gt;</a>&nbsp;&nbsp;&nbsp;HAL_CAN_Start
<LI><a href="#[a1]">&gt;&gt;</a>&nbsp;&nbsp;&nbsp;HAL_DMA_Init
<LI><a href="#[97]">&gt;&gt;</a>&nbsp;&nbsp;&nbsp;HAL_CAN_Init
<LI><a href="#[b6]">&gt;&gt;</a>&nbsp;&nbsp;&nbsp;HAL_RCC_OscConfig
<LI><a href="#[b2]">&gt;&gt;</a>&nbsp;&nbsp;&nbsp;HAL_RCC_ClockConfig
<LI><a href="#[a0]">&gt;&gt;</a>&nbsp;&nbsp;&nbsp;HAL_DMA_Abort
<LI><a href="#[de]">&gt;&gt;</a>&nbsp;&nbsp;&nbsp;UART_WaitOnFlagUntilTimeout
</UL>

<P><STRONG><a name="[a6]"></a>HAL_I2C_Init</STRONG> (Thumb, 446 bytes, Stack size 16 bytes, stm32f4xx_hal_i2c.o(i.HAL_I2C_Init))
<BR><BR>[Stack]<UL><LI>Max Depth = 72<LI>Call Chain = HAL_I2C_Init &rArr; HAL_I2C_MspInit &rArr; HAL_GPIO_Init
</UL>
<BR>[Calls]<UL><LI><a href="#[a8]">&gt;&gt;</a>&nbsp;&nbsp;&nbsp;HAL_RCC_GetPCLK1Freq
<LI><a href="#[a7]">&gt;&gt;</a>&nbsp;&nbsp;&nbsp;HAL_I2C_MspInit
</UL>
<BR>[Called By]<UL><LI><a href="#[e5]">&gt;&gt;</a>&nbsp;&nbsp;&nbsp;MX_I2C3_Init
<LI><a href="#[e4]">&gt;&gt;</a>&nbsp;&nbsp;&nbsp;MX_I2C1_Init
</UL>

<P><STRONG><a name="[a7]"></a>HAL_I2C_MspInit</STRONG> (Thumb, 288 bytes, Stack size 32 bytes, i2c.o(i.HAL_I2C_MspInit))
<BR><BR>[Stack]<UL><LI>Max Depth = 56<LI>Call Chain = HAL_I2C_MspInit &rArr; HAL_GPIO_Init
</UL>
<BR>[Calls]<UL><LI><a href="#[9b]">&gt;&gt;</a>&nbsp;&nbsp;&nbsp;HAL_GPIO_Init
<LI><a href="#[9a]">&gt;&gt;</a>&nbsp;&nbsp;&nbsp;__aeabi_memclr4
</UL>
<BR>[Called By]<UL><LI><a href="#[a6]">&gt;&gt;</a>&nbsp;&nbsp;&nbsp;HAL_I2C_Init
</UL>

<P><STRONG><a name="[cd]"></a>HAL_IncTick</STRONG> (Thumb, 16 bytes, Stack size 0 bytes, stm32f4xx_hal.o(i.HAL_IncTick))
<BR><BR>[Called By]<UL><LI><a href="#[bf]">&gt;&gt;</a>&nbsp;&nbsp;&nbsp;HAL_TIM_PeriodElapsedCallback
</UL>

<P><STRONG><a name="[a9]"></a>HAL_Init</STRONG> (Thumb, 54 bytes, Stack size 8 bytes, stm32f4xx_hal.o(i.HAL_Init))
<BR><BR>[Stack]<UL><LI>Max Depth = 112<LI>Call Chain = HAL_Init &rArr; HAL_InitTick &rArr; HAL_NVIC_SetPriority &rArr; __NVIC_SetPriority
</UL>
<BR>[Calls]<UL><LI><a href="#[ab]">&gt;&gt;</a>&nbsp;&nbsp;&nbsp;HAL_InitTick
<LI><a href="#[ac]">&gt;&gt;</a>&nbsp;&nbsp;&nbsp;HAL_MspInit
<LI><a href="#[aa]">&gt;&gt;</a>&nbsp;&nbsp;&nbsp;HAL_NVIC_SetPriorityGrouping
</UL>
<BR>[Called By]<UL><LI><a href="#[5b]">&gt;&gt;</a>&nbsp;&nbsp;&nbsp;main
</UL>

<P><STRONG><a name="[ab]"></a>HAL_InitTick</STRONG> (Thumb, 160 bytes, Stack size 56 bytes, stm32f4xx_hal_timebase_tim.o(i.HAL_InitTick))
<BR><BR>[Stack]<UL><LI>Max Depth = 104<LI>Call Chain = HAL_InitTick &rArr; HAL_NVIC_SetPriority &rArr; __NVIC_SetPriority
</UL>
<BR>[Calls]<UL><LI><a href="#[af]">&gt;&gt;</a>&nbsp;&nbsp;&nbsp;HAL_TIM_Base_Start_IT
<LI><a href="#[ae]">&gt;&gt;</a>&nbsp;&nbsp;&nbsp;HAL_TIM_Base_Init
<LI><a href="#[a8]">&gt;&gt;</a>&nbsp;&nbsp;&nbsp;HAL_RCC_GetPCLK1Freq
<LI><a href="#[ad]">&gt;&gt;</a>&nbsp;&nbsp;&nbsp;HAL_RCC_GetClockConfig
<LI><a href="#[9c]">&gt;&gt;</a>&nbsp;&nbsp;&nbsp;HAL_NVIC_SetPriority
<LI><a href="#[9d]">&gt;&gt;</a>&nbsp;&nbsp;&nbsp;HAL_NVIC_EnableIRQ
</UL>
<BR>[Called By]<UL><LI><a href="#[b2]">&gt;&gt;</a>&nbsp;&nbsp;&nbsp;HAL_RCC_ClockConfig
<LI><a href="#[a9]">&gt;&gt;</a>&nbsp;&nbsp;&nbsp;HAL_Init
</UL>

<P><STRONG><a name="[ac]"></a>HAL_MspInit</STRONG> (Thumb, 68 bytes, Stack size 8 bytes, stm32f4xx_hal_msp.o(i.HAL_MspInit))
<BR><BR>[Stack]<UL><LI>Max Depth = 8<LI>Call Chain = HAL_MspInit
</UL>
<BR>[Called By]<UL><LI><a href="#[a9]">&gt;&gt;</a>&nbsp;&nbsp;&nbsp;HAL_Init
</UL>

<P><STRONG><a name="[9d]"></a>HAL_NVIC_EnableIRQ</STRONG> (Thumb, 40 bytes, Stack size 0 bytes, stm32f4xx_hal_cortex.o(i.HAL_NVIC_EnableIRQ))
<BR><BR>[Called By]<UL><LI><a href="#[ab]">&gt;&gt;</a>&nbsp;&nbsp;&nbsp;HAL_InitTick
<LI><a href="#[d8]">&gt;&gt;</a>&nbsp;&nbsp;&nbsp;HAL_UART_MspInit
<LI><a href="#[ca]">&gt;&gt;</a>&nbsp;&nbsp;&nbsp;HAL_TIM_PWM_MspInit
<LI><a href="#[98]">&gt;&gt;</a>&nbsp;&nbsp;&nbsp;HAL_CAN_MspInit
<LI><a href="#[e1]">&gt;&gt;</a>&nbsp;&nbsp;&nbsp;MX_DMA_Init
</UL>

<P><STRONG><a name="[9c]"></a>HAL_NVIC_SetPriority</STRONG> (Thumb, 124 bytes, Stack size 40 bytes, stm32f4xx_hal_cortex.o(i.HAL_NVIC_SetPriority))
<BR><BR>[Stack]<UL><LI>Max Depth = 48<LI>Call Chain = HAL_NVIC_SetPriority &rArr; __NVIC_SetPriority
</UL>
<BR>[Calls]<UL><LI><a href="#[b1]">&gt;&gt;</a>&nbsp;&nbsp;&nbsp;__NVIC_SetPriority
<LI><a href="#[b0]">&gt;&gt;</a>&nbsp;&nbsp;&nbsp;__NVIC_GetPriorityGrouping
</UL>
<BR>[Called By]<UL><LI><a href="#[ab]">&gt;&gt;</a>&nbsp;&nbsp;&nbsp;HAL_InitTick
<LI><a href="#[d8]">&gt;&gt;</a>&nbsp;&nbsp;&nbsp;HAL_UART_MspInit
<LI><a href="#[ca]">&gt;&gt;</a>&nbsp;&nbsp;&nbsp;HAL_TIM_PWM_MspInit
<LI><a href="#[98]">&gt;&gt;</a>&nbsp;&nbsp;&nbsp;HAL_CAN_MspInit
<LI><a href="#[e1]">&gt;&gt;</a>&nbsp;&nbsp;&nbsp;MX_DMA_Init
</UL>

<P><STRONG><a name="[aa]"></a>HAL_NVIC_SetPriorityGrouping</STRONG> (Thumb, 32 bytes, Stack size 0 bytes, stm32f4xx_hal_cortex.o(i.HAL_NVIC_SetPriorityGrouping))
<BR><BR>[Called By]<UL><LI><a href="#[a9]">&gt;&gt;</a>&nbsp;&nbsp;&nbsp;HAL_Init
</UL>

<P><STRONG><a name="[b2]"></a>HAL_RCC_ClockConfig</STRONG> (Thumb, 368 bytes, Stack size 16 bytes, stm32f4xx_hal_rcc.o(i.HAL_RCC_ClockConfig))
<BR><BR>[Stack]<UL><LI>Max Depth = 120<LI>Call Chain = HAL_RCC_ClockConfig &rArr; HAL_InitTick &rArr; HAL_NVIC_SetPriority &rArr; __NVIC_SetPriority
</UL>
<BR>[Calls]<UL><LI><a href="#[ab]">&gt;&gt;</a>&nbsp;&nbsp;&nbsp;HAL_InitTick
<LI><a href="#[b3]">&gt;&gt;</a>&nbsp;&nbsp;&nbsp;HAL_RCC_GetSysClockFreq
<LI><a href="#[99]">&gt;&gt;</a>&nbsp;&nbsp;&nbsp;HAL_GetTick
</UL>
<BR>[Called By]<UL><LI><a href="#[f6]">&gt;&gt;</a>&nbsp;&nbsp;&nbsp;SystemClock_Config
</UL>

<P><STRONG><a name="[ad]"></a>HAL_RCC_GetClockConfig</STRONG> (Thumb, 58 bytes, Stack size 0 bytes, stm32f4xx_hal_rcc.o(i.HAL_RCC_GetClockConfig))
<BR><BR>[Called By]<UL><LI><a href="#[ab]">&gt;&gt;</a>&nbsp;&nbsp;&nbsp;HAL_InitTick
</UL>

<P><STRONG><a name="[b4]"></a>HAL_RCC_GetHCLKFreq</STRONG> (Thumb, 6 bytes, Stack size 0 bytes, stm32f4xx_hal_rcc.o(i.HAL_RCC_GetHCLKFreq))
<BR><BR>[Called By]<UL><LI><a href="#[a8]">&gt;&gt;</a>&nbsp;&nbsp;&nbsp;HAL_RCC_GetPCLK1Freq
<LI><a href="#[b5]">&gt;&gt;</a>&nbsp;&nbsp;&nbsp;HAL_RCC_GetPCLK2Freq
</UL>

<P><STRONG><a name="[a8]"></a>HAL_RCC_GetPCLK1Freq</STRONG> (Thumb, 22 bytes, Stack size 4 bytes, stm32f4xx_hal_rcc.o(i.HAL_RCC_GetPCLK1Freq))
<BR><BR>[Stack]<UL><LI>Max Depth = 4<LI>Call Chain = HAL_RCC_GetPCLK1Freq
</UL>
<BR>[Calls]<UL><LI><a href="#[b4]">&gt;&gt;</a>&nbsp;&nbsp;&nbsp;HAL_RCC_GetHCLKFreq
</UL>
<BR>[Called By]<UL><LI><a href="#[ab]">&gt;&gt;</a>&nbsp;&nbsp;&nbsp;HAL_InitTick
<LI><a href="#[a6]">&gt;&gt;</a>&nbsp;&nbsp;&nbsp;HAL_I2C_Init
<LI><a href="#[d9]">&gt;&gt;</a>&nbsp;&nbsp;&nbsp;UART_SetConfig
</UL>

<P><STRONG><a name="[b5]"></a>HAL_RCC_GetPCLK2Freq</STRONG> (Thumb, 22 bytes, Stack size 4 bytes, stm32f4xx_hal_rcc.o(i.HAL_RCC_GetPCLK2Freq))
<BR><BR>[Stack]<UL><LI>Max Depth = 4<LI>Call Chain = HAL_RCC_GetPCLK2Freq
</UL>
<BR>[Calls]<UL><LI><a href="#[b4]">&gt;&gt;</a>&nbsp;&nbsp;&nbsp;HAL_RCC_GetHCLKFreq
</UL>
<BR>[Called By]<UL><LI><a href="#[d9]">&gt;&gt;</a>&nbsp;&nbsp;&nbsp;UART_SetConfig
</UL>

<P><STRONG><a name="[b3]"></a>HAL_RCC_GetSysClockFreq</STRONG> (Thumb, 162 bytes, Stack size 32 bytes, stm32f4xx_hal_rcc.o(i.HAL_RCC_GetSysClockFreq))
<BR><BR>[Stack]<UL><LI>Max Depth = 72<LI>Call Chain = HAL_RCC_GetSysClockFreq &rArr; __aeabi_uldivmod
</UL>
<BR>[Calls]<UL><LI><a href="#[72]">&gt;&gt;</a>&nbsp;&nbsp;&nbsp;__aeabi_uldivmod
</UL>
<BR>[Called By]<UL><LI><a href="#[b2]">&gt;&gt;</a>&nbsp;&nbsp;&nbsp;HAL_RCC_ClockConfig
</UL>

<P><STRONG><a name="[b6]"></a>HAL_RCC_OscConfig</STRONG> (Thumb, 1172 bytes, Stack size 24 bytes, stm32f4xx_hal_rcc.o(i.HAL_RCC_OscConfig))
<BR><BR>[Stack]<UL><LI>Max Depth = 24<LI>Call Chain = HAL_RCC_OscConfig
</UL>
<BR>[Calls]<UL><LI><a href="#[99]">&gt;&gt;</a>&nbsp;&nbsp;&nbsp;HAL_GetTick
</UL>
<BR>[Called By]<UL><LI><a href="#[f6]">&gt;&gt;</a>&nbsp;&nbsp;&nbsp;SystemClock_Config
</UL>

<P><STRONG><a name="[b7]"></a>HAL_SPI_Init</STRONG> (Thumb, 200 bytes, Stack size 8 bytes, stm32f4xx_hal_spi.o(i.HAL_SPI_Init))
<BR><BR>[Stack]<UL><LI>Max Depth = 64<LI>Call Chain = HAL_SPI_Init &rArr; HAL_SPI_MspInit &rArr; HAL_GPIO_Init
</UL>
<BR>[Calls]<UL><LI><a href="#[b8]">&gt;&gt;</a>&nbsp;&nbsp;&nbsp;HAL_SPI_MspInit
</UL>
<BR>[Called By]<UL><LI><a href="#[e7]">&gt;&gt;</a>&nbsp;&nbsp;&nbsp;MX_SPI2_Init
<LI><a href="#[e6]">&gt;&gt;</a>&nbsp;&nbsp;&nbsp;MX_SPI1_Init
</UL>

<P><STRONG><a name="[b8]"></a>HAL_SPI_MspInit</STRONG> (Thumb, 292 bytes, Stack size 32 bytes, spi.o(i.HAL_SPI_MspInit))
<BR><BR>[Stack]<UL><LI>Max Depth = 56<LI>Call Chain = HAL_SPI_MspInit &rArr; HAL_GPIO_Init
</UL>
<BR>[Calls]<UL><LI><a href="#[9b]">&gt;&gt;</a>&nbsp;&nbsp;&nbsp;HAL_GPIO_Init
<LI><a href="#[9a]">&gt;&gt;</a>&nbsp;&nbsp;&nbsp;__aeabi_memclr4
</UL>
<BR>[Called By]<UL><LI><a href="#[b7]">&gt;&gt;</a>&nbsp;&nbsp;&nbsp;HAL_SPI_Init
</UL>

<P><STRONG><a name="[c0]"></a>HAL_TIMEx_BreakCallback</STRONG> (Thumb, 2 bytes, Stack size 0 bytes, stm32f4xx_hal_tim_ex.o(i.HAL_TIMEx_BreakCallback))
<BR><BR>[Called By]<UL><LI><a href="#[bb]">&gt;&gt;</a>&nbsp;&nbsp;&nbsp;HAL_TIM_IRQHandler
</UL>

<P><STRONG><a name="[c2]"></a>HAL_TIMEx_CommutCallback</STRONG> (Thumb, 2 bytes, Stack size 0 bytes, stm32f4xx_hal_tim_ex.o(i.HAL_TIMEx_CommutCallback))
<BR><BR>[Called By]<UL><LI><a href="#[bb]">&gt;&gt;</a>&nbsp;&nbsp;&nbsp;HAL_TIM_IRQHandler
</UL>

<P><STRONG><a name="[ea]"></a>HAL_TIMEx_ConfigBreakDeadTime</STRONG> (Thumb, 116 bytes, Stack size 8 bytes, stm32f4xx_hal_tim_ex.o(i.HAL_TIMEx_ConfigBreakDeadTime))
<BR><BR>[Stack]<UL><LI>Max Depth = 8<LI>Call Chain = HAL_TIMEx_ConfigBreakDeadTime
</UL>
<BR>[Called By]<UL><LI><a href="#[e8]">&gt;&gt;</a>&nbsp;&nbsp;&nbsp;MX_TIM1_Init
</UL>

<P><STRONG><a name="[e9]"></a>HAL_TIMEx_MasterConfigSynchronization</STRONG> (Thumb, 150 bytes, Stack size 12 bytes, stm32f4xx_hal_tim_ex.o(i.HAL_TIMEx_MasterConfigSynchronization))
<BR><BR>[Stack]<UL><LI>Max Depth = 12<LI>Call Chain = HAL_TIMEx_MasterConfigSynchronization
</UL>
<BR>[Called By]<UL><LI><a href="#[ee]">&gt;&gt;</a>&nbsp;&nbsp;&nbsp;MX_TIM5_Init
<LI><a href="#[ed]">&gt;&gt;</a>&nbsp;&nbsp;&nbsp;MX_TIM4_Init
<LI><a href="#[ec]">&gt;&gt;</a>&nbsp;&nbsp;&nbsp;MX_TIM3_Init
<LI><a href="#[eb]">&gt;&gt;</a>&nbsp;&nbsp;&nbsp;MX_TIM2_Init
<LI><a href="#[e8]">&gt;&gt;</a>&nbsp;&nbsp;&nbsp;MX_TIM1_Init
</UL>

<P><STRONG><a name="[ae]"></a>HAL_TIM_Base_Init</STRONG> (Thumb, 102 bytes, Stack size 8 bytes, stm32f4xx_hal_tim.o(i.HAL_TIM_Base_Init))
<BR><BR>[Stack]<UL><LI>Max Depth = 16<LI>Call Chain = HAL_TIM_Base_Init &rArr; TIM_Base_SetConfig
</UL>
<BR>[Calls]<UL><LI><a href="#[b9]">&gt;&gt;</a>&nbsp;&nbsp;&nbsp;HAL_TIM_Base_MspInit
<LI><a href="#[ba]">&gt;&gt;</a>&nbsp;&nbsp;&nbsp;TIM_Base_SetConfig
</UL>
<BR>[Called By]<UL><LI><a href="#[ab]">&gt;&gt;</a>&nbsp;&nbsp;&nbsp;HAL_InitTick
</UL>

<P><STRONG><a name="[b9]"></a>HAL_TIM_Base_MspInit</STRONG> (Thumb, 2 bytes, Stack size 0 bytes, stm32f4xx_hal_tim.o(i.HAL_TIM_Base_MspInit))
<BR><BR>[Called By]<UL><LI><a href="#[ae]">&gt;&gt;</a>&nbsp;&nbsp;&nbsp;HAL_TIM_Base_Init
</UL>

<P><STRONG><a name="[af]"></a>HAL_TIM_Base_Start_IT</STRONG> (Thumb, 138 bytes, Stack size 0 bytes, stm32f4xx_hal_tim.o(i.HAL_TIM_Base_Start_IT))
<BR><BR>[Called By]<UL><LI><a href="#[ab]">&gt;&gt;</a>&nbsp;&nbsp;&nbsp;HAL_InitTick
</UL>

<P><STRONG><a name="[bc]"></a>HAL_TIM_IC_CaptureCallback</STRONG> (Thumb, 2 bytes, Stack size 0 bytes, stm32f4xx_hal_tim.o(i.HAL_TIM_IC_CaptureCallback))
<BR><BR>[Called By]<UL><LI><a href="#[bb]">&gt;&gt;</a>&nbsp;&nbsp;&nbsp;HAL_TIM_IRQHandler
</UL>

<P><STRONG><a name="[bb]"></a>HAL_TIM_IRQHandler</STRONG> (Thumb, 364 bytes, Stack size 16 bytes, stm32f4xx_hal_tim.o(i.HAL_TIM_IRQHandler))
<BR><BR>[Stack]<UL><LI>Max Depth = 24<LI>Call Chain = HAL_TIM_IRQHandler &rArr; HAL_TIM_PeriodElapsedCallback
</UL>
<BR>[Calls]<UL><LI><a href="#[bf]">&gt;&gt;</a>&nbsp;&nbsp;&nbsp;HAL_TIM_PeriodElapsedCallback
<LI><a href="#[c1]">&gt;&gt;</a>&nbsp;&nbsp;&nbsp;HAL_TIM_TriggerCallback
<LI><a href="#[be]">&gt;&gt;</a>&nbsp;&nbsp;&nbsp;HAL_TIM_PWM_PulseFinishedCallback
<LI><a href="#[bd]">&gt;&gt;</a>&nbsp;&nbsp;&nbsp;HAL_TIM_OC_DelayElapsedCallback
<LI><a href="#[bc]">&gt;&gt;</a>&nbsp;&nbsp;&nbsp;HAL_TIM_IC_CaptureCallback
<LI><a href="#[c2]">&gt;&gt;</a>&nbsp;&nbsp;&nbsp;HAL_TIMEx_CommutCallback
<LI><a href="#[c0]">&gt;&gt;</a>&nbsp;&nbsp;&nbsp;HAL_TIMEx_BreakCallback
</UL>
<BR>[Called By]<UL><LI><a href="#[37]">&gt;&gt;</a>&nbsp;&nbsp;&nbsp;TIM8_TRG_COM_TIM14_IRQHandler
<LI><a href="#[3c]">&gt;&gt;</a>&nbsp;&nbsp;&nbsp;TIM5_IRQHandler
<LI><a href="#[28]">&gt;&gt;</a>&nbsp;&nbsp;&nbsp;TIM4_IRQHandler
<LI><a href="#[27]">&gt;&gt;</a>&nbsp;&nbsp;&nbsp;TIM3_IRQHandler
</UL>

<P><STRONG><a name="[c3]"></a>HAL_TIM_MspPostInit</STRONG> (Thumb, 420 bytes, Stack size 32 bytes, tim.o(i.HAL_TIM_MspPostInit))
<BR><BR>[Stack]<UL><LI>Max Depth = 56<LI>Call Chain = HAL_TIM_MspPostInit &rArr; HAL_GPIO_Init
</UL>
<BR>[Calls]<UL><LI><a href="#[9b]">&gt;&gt;</a>&nbsp;&nbsp;&nbsp;HAL_GPIO_Init
<LI><a href="#[9a]">&gt;&gt;</a>&nbsp;&nbsp;&nbsp;__aeabi_memclr4
</UL>
<BR>[Called By]<UL><LI><a href="#[ee]">&gt;&gt;</a>&nbsp;&nbsp;&nbsp;MX_TIM5_Init
<LI><a href="#[ed]">&gt;&gt;</a>&nbsp;&nbsp;&nbsp;MX_TIM4_Init
<LI><a href="#[ec]">&gt;&gt;</a>&nbsp;&nbsp;&nbsp;MX_TIM3_Init
<LI><a href="#[eb]">&gt;&gt;</a>&nbsp;&nbsp;&nbsp;MX_TIM2_Init
<LI><a href="#[e8]">&gt;&gt;</a>&nbsp;&nbsp;&nbsp;MX_TIM1_Init
</UL>

<P><STRONG><a name="[bd]"></a>HAL_TIM_OC_DelayElapsedCallback</STRONG> (Thumb, 2 bytes, Stack size 0 bytes, stm32f4xx_hal_tim.o(i.HAL_TIM_OC_DelayElapsedCallback))
<BR><BR>[Called By]<UL><LI><a href="#[bb]">&gt;&gt;</a>&nbsp;&nbsp;&nbsp;HAL_TIM_IRQHandler
</UL>

<P><STRONG><a name="[c4]"></a>HAL_TIM_PWM_ConfigChannel</STRONG> (Thumb, 260 bytes, Stack size 24 bytes, stm32f4xx_hal_tim.o(i.HAL_TIM_PWM_ConfigChannel))
<BR><BR>[Stack]<UL><LI>Max Depth = 36<LI>Call Chain = HAL_TIM_PWM_ConfigChannel &rArr; TIM_OC4_SetConfig
</UL>
<BR>[Calls]<UL><LI><a href="#[c8]">&gt;&gt;</a>&nbsp;&nbsp;&nbsp;TIM_OC4_SetConfig
<LI><a href="#[c7]">&gt;&gt;</a>&nbsp;&nbsp;&nbsp;TIM_OC3_SetConfig
<LI><a href="#[c5]">&gt;&gt;</a>&nbsp;&nbsp;&nbsp;TIM_OC1_SetConfig
<LI><a href="#[c6]">&gt;&gt;</a>&nbsp;&nbsp;&nbsp;TIM_OC2_SetConfig
</UL>
<BR>[Called By]<UL><LI><a href="#[ee]">&gt;&gt;</a>&nbsp;&nbsp;&nbsp;MX_TIM5_Init
<LI><a href="#[ed]">&gt;&gt;</a>&nbsp;&nbsp;&nbsp;MX_TIM4_Init
<LI><a href="#[ec]">&gt;&gt;</a>&nbsp;&nbsp;&nbsp;MX_TIM3_Init
<LI><a href="#[eb]">&gt;&gt;</a>&nbsp;&nbsp;&nbsp;MX_TIM2_Init
<LI><a href="#[e8]">&gt;&gt;</a>&nbsp;&nbsp;&nbsp;MX_TIM1_Init
</UL>

<P><STRONG><a name="[c9]"></a>HAL_TIM_PWM_Init</STRONG> (Thumb, 102 bytes, Stack size 8 bytes, stm32f4xx_hal_tim.o(i.HAL_TIM_PWM_Init))
<BR><BR>[Stack]<UL><LI>Max Depth = 72<LI>Call Chain = HAL_TIM_PWM_Init &rArr; HAL_TIM_PWM_MspInit &rArr; HAL_NVIC_SetPriority &rArr; __NVIC_SetPriority
</UL>
<BR>[Calls]<UL><LI><a href="#[ca]">&gt;&gt;</a>&nbsp;&nbsp;&nbsp;HAL_TIM_PWM_MspInit
<LI><a href="#[ba]">&gt;&gt;</a>&nbsp;&nbsp;&nbsp;TIM_Base_SetConfig
</UL>
<BR>[Called By]<UL><LI><a href="#[ee]">&gt;&gt;</a>&nbsp;&nbsp;&nbsp;MX_TIM5_Init
<LI><a href="#[ed]">&gt;&gt;</a>&nbsp;&nbsp;&nbsp;MX_TIM4_Init
<LI><a href="#[ec]">&gt;&gt;</a>&nbsp;&nbsp;&nbsp;MX_TIM3_Init
<LI><a href="#[eb]">&gt;&gt;</a>&nbsp;&nbsp;&nbsp;MX_TIM2_Init
<LI><a href="#[e8]">&gt;&gt;</a>&nbsp;&nbsp;&nbsp;MX_TIM1_Init
</UL>

<P><STRONG><a name="[ca]"></a>HAL_TIM_PWM_MspInit</STRONG> (Thumb, 274 bytes, Stack size 16 bytes, tim.o(i.HAL_TIM_PWM_MspInit))
<BR><BR>[Stack]<UL><LI>Max Depth = 64<LI>Call Chain = HAL_TIM_PWM_MspInit &rArr; HAL_NVIC_SetPriority &rArr; __NVIC_SetPriority
</UL>
<BR>[Calls]<UL><LI><a href="#[9c]">&gt;&gt;</a>&nbsp;&nbsp;&nbsp;HAL_NVIC_SetPriority
<LI><a href="#[9d]">&gt;&gt;</a>&nbsp;&nbsp;&nbsp;HAL_NVIC_EnableIRQ
</UL>
<BR>[Called By]<UL><LI><a href="#[c9]">&gt;&gt;</a>&nbsp;&nbsp;&nbsp;HAL_TIM_PWM_Init
</UL>

<P><STRONG><a name="[be]"></a>HAL_TIM_PWM_PulseFinishedCallback</STRONG> (Thumb, 2 bytes, Stack size 0 bytes, stm32f4xx_hal_tim.o(i.HAL_TIM_PWM_PulseFinishedCallback))
<BR><BR>[Called By]<UL><LI><a href="#[bb]">&gt;&gt;</a>&nbsp;&nbsp;&nbsp;HAL_TIM_IRQHandler
</UL>

<P><STRONG><a name="[cb]"></a>HAL_TIM_PWM_Start</STRONG> (Thumb, 238 bytes, Stack size 16 bytes, stm32f4xx_hal_tim.o(i.HAL_TIM_PWM_Start))
<BR><BR>[Stack]<UL><LI>Max Depth = 28<LI>Call Chain = HAL_TIM_PWM_Start &rArr; TIM_CCxChannelCmd
</UL>
<BR>[Calls]<UL><LI><a href="#[cc]">&gt;&gt;</a>&nbsp;&nbsp;&nbsp;TIM_CCxChannelCmd
</UL>
<BR>[Called By]<UL><LI><a href="#[63]">&gt;&gt;</a>&nbsp;&nbsp;&nbsp;Thread_motor_control_Entry
<LI><a href="#[61]">&gt;&gt;</a>&nbsp;&nbsp;&nbsp;Thread_Led_Entry
</UL>

<P><STRONG><a name="[bf]"></a>HAL_TIM_PeriodElapsedCallback</STRONG> (Thumb, 18 bytes, Stack size 8 bytes, main.o(i.HAL_TIM_PeriodElapsedCallback))
<BR><BR>[Stack]<UL><LI>Max Depth = 8<LI>Call Chain = HAL_TIM_PeriodElapsedCallback
</UL>
<BR>[Calls]<UL><LI><a href="#[cd]">&gt;&gt;</a>&nbsp;&nbsp;&nbsp;HAL_IncTick
</UL>
<BR>[Called By]<UL><LI><a href="#[bb]">&gt;&gt;</a>&nbsp;&nbsp;&nbsp;HAL_TIM_IRQHandler
</UL>

<P><STRONG><a name="[c1]"></a>HAL_TIM_TriggerCallback</STRONG> (Thumb, 2 bytes, Stack size 0 bytes, stm32f4xx_hal_tim.o(i.HAL_TIM_TriggerCallback))
<BR><BR>[Called By]<UL><LI><a href="#[bb]">&gt;&gt;</a>&nbsp;&nbsp;&nbsp;HAL_TIM_IRQHandler
</UL>

<P><STRONG><a name="[d4]"></a>HAL_UARTEx_RxEventCallback</STRONG> (Thumb, 2 bytes, Stack size 0 bytes, stm32f4xx_hal_uart.o(i.HAL_UARTEx_RxEventCallback))
<BR><BR>[Called By]<UL><LI><a href="#[d0]">&gt;&gt;</a>&nbsp;&nbsp;&nbsp;HAL_UART_IRQHandler
<LI><a href="#[d1]">&gt;&gt;</a>&nbsp;&nbsp;&nbsp;UART_Receive_IT
<LI><a href="#[66]">&gt;&gt;</a>&nbsp;&nbsp;&nbsp;UART_DMARxHalfCplt
<LI><a href="#[65]">&gt;&gt;</a>&nbsp;&nbsp;&nbsp;UART_DMAReceiveCplt
</UL>

<P><STRONG><a name="[85]"></a>HAL_UART_DMAStop</STRONG> (Thumb, 138 bytes, Stack size 16 bytes, stm32f4xx_hal_uart.o(i.HAL_UART_DMAStop))
<BR><BR>[Stack]<UL><LI>Max Depth = 32<LI>Call Chain = HAL_UART_DMAStop &rArr; HAL_DMA_Abort
</UL>
<BR>[Calls]<UL><LI><a href="#[a0]">&gt;&gt;</a>&nbsp;&nbsp;&nbsp;HAL_DMA_Abort
<LI><a href="#[ce]">&gt;&gt;</a>&nbsp;&nbsp;&nbsp;UART_EndTxTransfer
<LI><a href="#[cf]">&gt;&gt;</a>&nbsp;&nbsp;&nbsp;UART_EndRxTransfer
</UL>
<BR>[Called By]<UL><LI><a href="#[84]">&gt;&gt;</a>&nbsp;&nbsp;&nbsp;BSP_UART_IDLE_CallBack
</UL>

<P><STRONG><a name="[d3]"></a>HAL_UART_ErrorCallback</STRONG> (Thumb, 2 bytes, Stack size 0 bytes, stm32f4xx_hal_uart.o(i.HAL_UART_ErrorCallback))
<BR><BR>[Called By]<UL><LI><a href="#[d0]">&gt;&gt;</a>&nbsp;&nbsp;&nbsp;HAL_UART_IRQHandler
<LI><a href="#[67]">&gt;&gt;</a>&nbsp;&nbsp;&nbsp;UART_DMAError
<LI><a href="#[5e]">&gt;&gt;</a>&nbsp;&nbsp;&nbsp;UART_DMAAbortOnError
</UL>

<P><STRONG><a name="[d0]"></a>HAL_UART_IRQHandler</STRONG> (Thumb, 740 bytes, Stack size 40 bytes, stm32f4xx_hal_uart.o(i.HAL_UART_IRQHandler))
<BR><BR>[Stack]<UL><LI>Max Depth = 64<LI>Call Chain = HAL_UART_IRQHandler &rArr; UART_Receive_IT
</UL>
<BR>[Calls]<UL><LI><a href="#[d2]">&gt;&gt;</a>&nbsp;&nbsp;&nbsp;HAL_DMA_Abort_IT
<LI><a href="#[a0]">&gt;&gt;</a>&nbsp;&nbsp;&nbsp;HAL_DMA_Abort
<LI><a href="#[d3]">&gt;&gt;</a>&nbsp;&nbsp;&nbsp;HAL_UART_ErrorCallback
<LI><a href="#[d4]">&gt;&gt;</a>&nbsp;&nbsp;&nbsp;HAL_UARTEx_RxEventCallback
<LI><a href="#[d5]">&gt;&gt;</a>&nbsp;&nbsp;&nbsp;UART_Transmit_IT
<LI><a href="#[d1]">&gt;&gt;</a>&nbsp;&nbsp;&nbsp;UART_Receive_IT
<LI><a href="#[d6]">&gt;&gt;</a>&nbsp;&nbsp;&nbsp;UART_EndTransmit_IT
<LI><a href="#[cf]">&gt;&gt;</a>&nbsp;&nbsp;&nbsp;UART_EndRxTransfer
</UL>
<BR>[Called By]<UL><LI><a href="#[51]">&gt;&gt;</a>&nbsp;&nbsp;&nbsp;USART6_IRQHandler
<LI><a href="#[31]">&gt;&gt;</a>&nbsp;&nbsp;&nbsp;USART3_IRQHandler
<LI><a href="#[30]">&gt;&gt;</a>&nbsp;&nbsp;&nbsp;USART2_IRQHandler
<LI><a href="#[2f]">&gt;&gt;</a>&nbsp;&nbsp;&nbsp;USART1_IRQHandler
</UL>

<P><STRONG><a name="[d7]"></a>HAL_UART_Init</STRONG> (Thumb, 118 bytes, Stack size 8 bytes, stm32f4xx_hal_uart.o(i.HAL_UART_Init))
<BR><BR>[Stack]<UL><LI>Max Depth = 88<LI>Call Chain = HAL_UART_Init &rArr; HAL_UART_MspInit &rArr; HAL_NVIC_SetPriority &rArr; __NVIC_SetPriority
</UL>
<BR>[Calls]<UL><LI><a href="#[d8]">&gt;&gt;</a>&nbsp;&nbsp;&nbsp;HAL_UART_MspInit
<LI><a href="#[d9]">&gt;&gt;</a>&nbsp;&nbsp;&nbsp;UART_SetConfig
</UL>
<BR>[Called By]<UL><LI><a href="#[f4]">&gt;&gt;</a>&nbsp;&nbsp;&nbsp;MX_USART6_UART_Init
<LI><a href="#[f3]">&gt;&gt;</a>&nbsp;&nbsp;&nbsp;MX_USART3_UART_Init
<LI><a href="#[f2]">&gt;&gt;</a>&nbsp;&nbsp;&nbsp;MX_USART2_UART_Init
[...]
</UL>
<BR>[Calls]<UL><LI><a href="#[127]">&gt;&gt;</a>&nbsp;&nbsp;&nbsp;_tx_timer_system_activate
<LI><a href="#[110]">&gt;&gt;</a>&nbsp;&nbsp;&nbsp;_tx_thread_system_suspend
<LI><a href="#[12b]">&gt;&gt;</a>&nbsp;&nbsp;&nbsp;__restore_interrupt
<LI><a href="#[12a]">&gt;&gt;</a>&nbsp;&nbsp;&nbsp;__disable_interrupts
</UL>
<BR>[Address Reference Count : 1]<UL><LI> tx_timer_initialize.o(i._tx_timer_initialize)
</UL>
<P><STRONG><a name="[f8]"></a>_txe_byte_allocate</STRONG> (Thumb, 154 bytes, Stack size 32 bytes, txe_byte_allocate.o(i._txe_byte_allocate))
<BR><BR>[Stack]<UL><LI>Max Depth = 156<LI>Call Chain = _txe_byte_allocate &rArr; _tx_byte_allocate &rArr; _tx_thread_system_suspend &rArr; _tx_timer_system_activate
</UL>
<BR>[Calls]<UL><LI><a href="#[10c]">&gt;&gt;</a>&nbsp;&nbsp;&nbsp;_tx_byte_allocate
</UL>
<BR>[Called By]<UL><LI><a href="#[f7]">&gt;&gt;</a>&nbsp;&nbsp;&nbsp;ThreadX_Init
</UL>

<P><STRONG><a name="[12c]"></a>_txe_byte_pool_create</STRONG> (Thumb, 230 bytes, Stack size 56 bytes, txe_byte_pool_create.o(i._txe_byte_pool_create))
<BR><BR>[Stack]<UL><LI>Max Depth = 120<LI>Call Chain = _txe_byte_pool_create &rArr; _tx_byte_pool_create
</UL>
<BR>[Calls]<UL><LI><a href="#[113]">&gt;&gt;</a>&nbsp;&nbsp;&nbsp;_tx_byte_pool_create
<LI><a href="#[120]">&gt;&gt;</a>&nbsp;&nbsp;&nbsp;_tx_thread_system_preempt_check
<LI><a href="#[12d]">&gt;&gt;</a>&nbsp;&nbsp;&nbsp;__disable_interrupts
</UL>
<BR>[Called By]<UL><LI><a href="#[11b]">&gt;&gt;</a>&nbsp;&nbsp;&nbsp;tx_application_define
</UL>

<P><STRONG><a name="[f9]"></a>_txe_thread_create</STRONG> (Thumb, 368 bytes, Stack size 96 bytes, txe_thread_create.o(i._txe_thread_create))
<BR><BR>[Stack]<UL><LI>Max Depth = 208 + Unknown Stack Size
<LI>Call Chain = _txe_thread_create &rArr; _tx_thread_create &rArr; _tx_thread_system_resume &rArr; _tx_timer_system_deactivate
</UL>
<BR>[Calls]<UL><LI><a href="#[11d]">&gt;&gt;</a>&nbsp;&nbsp;&nbsp;_tx_thread_create
<LI><a href="#[120]">&gt;&gt;</a>&nbsp;&nbsp;&nbsp;_tx_thread_system_preempt_check
<LI><a href="#[12e]">&gt;&gt;</a>&nbsp;&nbsp;&nbsp;__disable_interrupts
</UL>
<BR>[Called By]<UL><LI><a href="#[f7]">&gt;&gt;</a>&nbsp;&nbsp;&nbsp;ThreadX_Init
</UL>

<P><STRONG><a name="[fc]"></a>aRGB_led_show</STRONG> (Thumb, 82 bytes, Stack size 0 bytes, threadx_control.o(i.aRGB_led_show))
<BR><BR>[Called By]<UL><LI><a href="#[61]">&gt;&gt;</a>&nbsp;&nbsp;&nbsp;Thread_Led_Entry
</UL>

<P><STRONG><a name="[132]"></a>abs_limit</STRONG> (Thumb, 46 bytes, Stack size 0 bytes, pid.o(i.abs_limit))
<BR><BR>[Called By]<UL><LI><a href="#[102]">&gt;&gt;</a>&nbsp;&nbsp;&nbsp;pid_calc
</UL>

<P><STRONG><a name="[100]"></a>can_filter_init</STRONG> (Thumb, 56 bytes, Stack size 48 bytes, user_can.o(i.can_filter_init))
<BR><BR>[Stack]<UL><LI>Max Depth = 68<LI>Call Chain = can_filter_init &rArr; HAL_CAN_ConfigFilter
</UL>
<BR>[Calls]<UL><LI><a href="#[9f]">&gt;&gt;</a>&nbsp;&nbsp;&nbsp;HAL_CAN_Start
<LI><a href="#[12f]">&gt;&gt;</a>&nbsp;&nbsp;&nbsp;HAL_CAN_ConfigFilter
<LI><a href="#[130]">&gt;&gt;</a>&nbsp;&nbsp;&nbsp;HAL_CAN_ActivateNotification
</UL>
<BR>[Called By]<UL><LI><a href="#[63]">&gt;&gt;</a>&nbsp;&nbsp;&nbsp;Thread_motor_control_Entry
</UL>

<P><STRONG><a name="[68]"></a>fputc</STRONG> (Thumb, 22 bytes, Stack size 16 bytes, main.o(i.fputc))
<BR><BR>[Stack]<UL><LI>Max Depth = 88<LI>Call Chain = fputc &rArr; HAL_UART_Transmit &rArr; UART_WaitOnFlagUntilTimeout
</UL>
<BR>[Calls]<UL><LI><a href="#[dd]">&gt;&gt;</a>&nbsp;&nbsp;&nbsp;HAL_UART_Transmit
</UL>
<BR>[Address Reference Count : 1]<UL><LI> printf6.o(i.__0printf$6)
</UL>
<P><STRONG><a name="[5b]"></a>main</STRONG> (Thumb, 92 bytes, Stack size 0 bytes, main.o(i.main))
<BR><BR>[Stack]<UL><LI>Max Depth = 280 + Unknown Stack Size
<LI>Call Chain = main &rArr; _tx_initialize_kernel_enter &rArr; tx_application_define &rArr; ThreadX_Init &rArr; _txe_thread_create &rArr; _tx_thread_create &rArr; _tx_thread_system_resume &rArr; _tx_timer_system_deactivate
</UL>
<BR>[Calls]<UL><LI><a href="#[119]">&gt;&gt;</a>&nbsp;&nbsp;&nbsp;_tx_initialize_kernel_enter
<LI><a href="#[f4]">&gt;&gt;</a>&nbsp;&nbsp;&nbsp;MX_USART6_UART_Init
<LI><a href="#[f3]">&gt;&gt;</a>&nbsp;&nbsp;&nbsp;MX_USART3_UART_Init
<LI><a href="#[f2]">&gt;&gt;</a>&nbsp;&nbsp;&nbsp;MX_USART2_UART_Init
<LI><a href="#[f1]">&gt;&gt;</a>&nbsp;&nbsp;&nbsp;MX_USART1_UART_Init
<LI><a href="#[f0]">&gt;&gt;</a>&nbsp;&nbsp;&nbsp;MX_UART5_Init
<LI><a href="#[ef]">&gt;&gt;</a>&nbsp;&nbsp;&nbsp;MX_UART4_Init
<LI><a href="#[ee]">&gt;&gt;</a>&nbsp;&nbsp;&nbsp;MX_TIM5_Init
<LI><a href="#[ed]">&gt;&gt;</a>&nbsp;&nbsp;&nbsp;MX_TIM4_Init
<LI><a href="#[ec]">&gt;&gt;</a>&nbsp;&nbsp;&nbsp;MX_TIM3_Init
<LI><a href="#[eb]">&gt;&gt;</a>&nbsp;&nbsp;&nbsp;MX_TIM2_Init
<LI><a href="#[e8]">&gt;&gt;</a>&nbsp;&nbsp;&nbsp;MX_TIM1_Init
<LI><a href="#[e7]">&gt;&gt;</a>&nbsp;&nbsp;&nbsp;MX_SPI2_Init
<LI><a href="#[e6]">&gt;&gt;</a>&nbsp;&nbsp;&nbsp;MX_SPI1_Init
<LI><a href="#[e5]">&gt;&gt;</a>&nbsp;&nbsp;&nbsp;MX_I2C3_Init
<LI><a href="#[e4]">&gt;&gt;</a>&nbsp;&nbsp;&nbsp;MX_I2C1_Init
<LI><a href="#[e2]">&gt;&gt;</a>&nbsp;&nbsp;&nbsp;MX_GPIO_Init
<LI><a href="#[e1]">&gt;&gt;</a>&nbsp;&nbsp;&nbsp;MX_DMA_Init
<LI><a href="#[e0]">&gt;&gt;</a>&nbsp;&nbsp;&nbsp;MX_CAN2_Init
<LI><a href="#[df]">&gt;&gt;</a>&nbsp;&nbsp;&nbsp;MX_CAN1_Init
<LI><a href="#[a9]">&gt;&gt;</a>&nbsp;&nbsp;&nbsp;HAL_Init
<LI><a href="#[f6]">&gt;&gt;</a>&nbsp;&nbsp;&nbsp;SystemClock_Config
</UL>
<BR>[Address Reference Count : 1]<UL><LI> entry9a.o(.ARM.Collect$$$$0000000B)
</UL>
<P><STRONG><a name="[fd]"></a>mapValue</STRONG> (Thumb, 70 bytes, Stack size 32 bytes, sbus.o(i.mapValue))
<BR><BR>[Stack]<UL><LI>Max Depth = 32<LI>Call Chain = mapValue
</UL>
<BR>[Calls]<UL><LI><a href="#[131]">&gt;&gt;</a>&nbsp;&nbsp;&nbsp;__aeabi_f2d
</UL>
<BR>[Called By]<UL><LI><a href="#[62]">&gt;&gt;</a>&nbsp;&nbsp;&nbsp;Thread_Sbus_Entry
</UL>

<P><STRONG><a name="[fe]"></a>max_position</STRONG> (Thumb, 54 bytes, Stack size 28 bytes, sbus.o(i.max_position))
<BR><BR>[Stack]<UL><LI>Max Depth = 28<LI>Call Chain = max_position
</UL>
<BR>[Called By]<UL><LI><a href="#[62]">&gt;&gt;</a>&nbsp;&nbsp;&nbsp;Thread_Sbus_Entry
</UL>

<P><STRONG><a name="[102]"></a>pid_calc</STRONG> (Thumb, 528 bytes, Stack size 4 bytes, pid.o(i.pid_calc))
<BR><BR>[Stack]<UL><LI>Max Depth = 4<LI>Call Chain = pid_calc
</UL>
<BR>[Calls]<UL><LI><a href="#[132]">&gt;&gt;</a>&nbsp;&nbsp;&nbsp;abs_limit
</UL>
<BR>[Called By]<UL><LI><a href="#[63]">&gt;&gt;</a>&nbsp;&nbsp;&nbsp;Thread_motor_control_Entry
</UL>

<P><STRONG><a name="[11b]"></a>tx_application_define</STRONG> (Thumb, 34 bytes, Stack size 16 bytes, main.o(i.tx_application_define))
<BR><BR>[Stack]<UL><LI>Max Depth = 272 + Unknown Stack Size
<LI>Call Chain = tx_application_define &rArr; ThreadX_Init &rArr; _txe_thread_create &rArr; _tx_thread_create &rArr; _tx_thread_system_resume &rArr; _tx_timer_system_deactivate
</UL>
<BR>[Calls]<UL><LI><a href="#[f7]">&gt;&gt;</a>&nbsp;&nbsp;&nbsp;ThreadX_Init
<LI><a href="#[12c]">&gt;&gt;</a>&nbsp;&nbsp;&nbsp;_txe_byte_pool_create
</UL>
<BR>[Called By]<UL><LI><a href="#[119]">&gt;&gt;</a>&nbsp;&nbsp;&nbsp;_tx_initialize_kernel_enter
</UL>
<P>
<H3>
Local Symbols
</H3>
<P><STRONG><a name="[5f]"></a>pid_param_init</STRONG> (Thumb, 20 bytes, Stack size 0 bytes, pid.o(i.pid_param_init))
<BR>[Address Reference Count : 1]<UL><LI> pid.o(i.PID_struct_init)
</UL>
<P><STRONG><a name="[60]"></a>pid_reset</STRONG> (Thumb, 14 bytes, Stack size 0 bytes, pid.o(i.pid_reset))
<BR>[Address Reference Count : 1]<UL><LI> pid.o(i.PID_struct_init)
</UL>
<P><STRONG><a name="[a3]"></a>DMA_CalcBaseAndBitshift</STRONG> (Thumb, 46 bytes, Stack size 0 bytes, stm32f4xx_hal_dma.o(i.DMA_CalcBaseAndBitshift))
<BR><BR>[Called By]<UL><LI><a href="#[a1]">&gt;&gt;</a>&nbsp;&nbsp;&nbsp;HAL_DMA_Init
</UL>

<P><STRONG><a name="[a2]"></a>DMA_CheckFifoParam</STRONG> (Thumb, 170 bytes, Stack size 0 bytes, stm32f4xx_hal_dma.o(i.DMA_CheckFifoParam))
<BR><BR>[Called By]<UL><LI><a href="#[a1]">&gt;&gt;</a>&nbsp;&nbsp;&nbsp;HAL_DMA_Init
</UL>

<P><STRONG><a name="[a5]"></a>DMA_SetConfig</STRONG> (Thumb, 44 bytes, Stack size 12 bytes, stm32f4xx_hal_dma.o(i.DMA_SetConfig))
<BR><BR>[Stack]<UL><LI>Max Depth = 12<LI>Call Chain = DMA_SetConfig
</UL>
<BR>[Called By]<UL><LI><a href="#[a4]">&gt;&gt;</a>&nbsp;&nbsp;&nbsp;HAL_DMA_Start_IT
</UL>

<P><STRONG><a name="[b0]"></a>__NVIC_GetPriorityGrouping</STRONG> (Thumb, 10 bytes, Stack size 0 bytes, stm32f4xx_hal_cortex.o(i.__NVIC_GetPriorityGrouping))
<BR><BR>[Called By]<UL><LI><a href="#[9c]">&gt;&gt;</a>&nbsp;&nbsp;&nbsp;HAL_NVIC_SetPriority
</UL>

<P><STRONG><a name="[b1]"></a>__NVIC_SetPriority</STRONG> (Thumb, 32 bytes, Stack size 8 bytes, stm32f4xx_hal_cortex.o(i.__NVIC_SetPriority))
<BR><BR>[Stack]<UL><LI>Max Depth = 8<LI>Call Chain = __NVIC_SetPriority
</UL>
<BR>[Called By]<UL><LI><a href="#[9c]">&gt;&gt;</a>&nbsp;&nbsp;&nbsp;HAL_NVIC_SetPriority
</UL>

<P><STRONG><a name="[c5]"></a>TIM_OC1_SetConfig</STRONG> (Thumb, 104 bytes, Stack size 12 bytes, stm32f4xx_hal_tim.o(i.TIM_OC1_SetConfig))
<BR><BR>[Stack]<UL><LI>Max Depth = 12<LI>Call Chain = TIM_OC1_SetConfig
</UL>
<BR>[Called By]<UL><LI><a href="#[c4]">&gt;&gt;</a>&nbsp;&nbsp;&nbsp;HAL_TIM_PWM_ConfigChannel
</UL>

<P><STRONG><a name="[c7]"></a>TIM_OC3_SetConfig</STRONG> (Thumb, 112 bytes, Stack size 12 bytes, stm32f4xx_hal_tim.o(i.TIM_OC3_SetConfig))
<BR><BR>[Stack]<UL><LI>Max Depth = 12<LI>Call Chain = TIM_OC3_SetConfig
</UL>
<BR>[Called By]<UL><LI><a href="#[c4]">&gt;&gt;</a>&nbsp;&nbsp;&nbsp;HAL_TIM_PWM_ConfigChannel
</UL>

<P><STRONG><a name="[c8]"></a>TIM_OC4_SetConfig</STRONG> (Thumb, 74 bytes, Stack size 12 bytes, stm32f4xx_hal_tim.o(i.TIM_OC4_SetConfig))
<BR><BR>[Stack]<UL><LI>Max Depth = 12<LI>Call Chain = TIM_OC4_SetConfig
</UL>
<BR>[Called By]<UL><LI><a href="#[c4]">&gt;&gt;</a>&nbsp;&nbsp;&nbsp;HAL_TIM_PWM_ConfigChannel
</UL>

<P><STRONG><a name="[5e]"></a>UART_DMAAbortOnError</STRONG> (Thumb, 20 bytes, Stack size 16 bytes, stm32f4xx_hal_uart.o(i.UART_DMAAbortOnError))
<BR><BR>[Stack]<UL><LI>Max Depth = 16<LI>Call Chain = UART_DMAAbortOnError
</UL>
<BR>[Calls]<UL><LI><a href="#[d3]">&gt;&gt;</a>&nbsp;&nbsp;&nbsp;HAL_UART_ErrorCallback
</UL>
<BR>[Address Reference Count : 1]<UL><LI> stm32f4xx_hal_uart.o(i.HAL_UART_IRQHandler)
</UL>
<P><STRONG><a name="[67]"></a>UART_DMAError</STRONG> (Thumb, 80 bytes, Stack size 16 bytes, stm32f4xx_hal_uart.o(i.UART_DMAError))
<BR><BR>[Stack]<UL><LI>Max Depth = 16<LI>Call Chain = UART_DMAError
</UL>
<BR>[Calls]<UL><LI><a href="#[d3]">&gt;&gt;</a>&nbsp;&nbsp;&nbsp;HAL_UART_ErrorCallback
<LI><a href="#[ce]">&gt;&gt;</a>&nbsp;&nbsp;&nbsp;UART_EndTxTransfer
<LI><a href="#[cf]">&gt;&gt;</a>&nbsp;&nbsp;&nbsp;UART_EndRxTransfer
</UL>
<BR>[Address Reference Count : 1]<UL><LI> stm32f4xx_hal_uart.o(i.UART_Start_Receive_DMA)
</UL>
<P><STRONG><a name="[65]"></a>UART_DMAReceiveCplt</STRONG> (Thumb, 180 bytes, Stack size 16 bytes, stm32f4xx_hal_uart.o(i.UART_DMAReceiveCplt))
<BR><BR>[Stack]<UL><LI>Max Depth = 16<LI>Call Chain = UART_DMAReceiveCplt
</UL>
<BR>[Calls]<UL><LI><a href="#[103]">&gt;&gt;</a>&nbsp;&nbsp;&nbsp;HAL_UART_RxCpltCallback
<LI><a href="#[d4]">&gt;&gt;</a>&nbsp;&nbsp;&nbsp;HAL_UARTEx_RxEventCallback
</UL>
<BR>[Address Reference Count : 1]<UL><LI> stm32f4xx_hal_uart.o(i.UART_Start_Receive_DMA)
</UL>
<P><STRONG><a name="[66]"></a>UART_DMARxHalfCplt</STRONG> (Thumb, 36 bytes, Stack size 16 bytes, stm32f4xx_hal_uart.o(i.UART_DMARxHalfCplt))
<BR><BR>[Stack]<UL><LI>Max Depth = 16<LI>Call Chain = UART_DMARxHalfCplt
</UL>
<BR>[Calls]<UL><LI><a href="#[104]">&gt;&gt;</a>&nbsp;&nbsp;&nbsp;HAL_UART_RxHalfCpltCallback
<LI><a href="#[d4]">&gt;&gt;</a>&nbsp;&nbsp;&nbsp;HAL_UARTEx_RxEventCallback
</UL>
<BR>[Address Reference Count : 1]<UL><LI> stm32f4xx_hal_uart.o(i.UART_Start_Receive_DMA)
</UL>
<P><STRONG><a name="[cf]"></a>UART_EndRxTransfer</STRONG> (Thumb, 108 bytes, Stack size 0 bytes, stm32f4xx_hal_uart.o(i.UART_EndRxTransfer))
<BR><BR>[Called By]<UL><LI><a href="#[85]">&gt;&gt;</a>&nbsp;&nbsp;&nbsp;HAL_UART_DMAStop
<LI><a href="#[d0]">&gt;&gt;</a>&nbsp;&nbsp;&nbsp;HAL_UART_IRQHandler
<LI><a href="#[de]">&gt;&gt;</a>&nbsp;&nbsp;&nbsp;UART_WaitOnFlagUntilTimeout
<LI><a href="#[67]">&gt;&gt;</a>&nbsp;&nbsp;&nbsp;UART_DMAError
</UL>

<P><STRONG><a name="[d6]"></a>UART_EndTransmit_IT</STRONG> (Thumb, 32 bytes, Stack size 8 bytes, stm32f4xx_hal_uart.o(i.UART_EndTransmit_IT))
<BR><BR>[Stack]<UL><LI>Max Depth = 8<LI>Call Chain = UART_EndTransmit_IT
</UL>
<BR>[Calls]<UL><LI><a href="#[105]">&gt;&gt;</a>&nbsp;&nbsp;&nbsp;HAL_UART_TxCpltCallback
</UL>
<BR>[Called By]<UL><LI><a href="#[d0]">&gt;&gt;</a>&nbsp;&nbsp;&nbsp;HAL_UART_IRQHandler
</UL>

<P><STRONG><a name="[ce]"></a>UART_EndTxTransfer</STRONG> (Thumb, 38 bytes, Stack size 0 bytes, stm32f4xx_hal_uart.o(i.UART_EndTxTransfer))
<BR><BR>[Called By]<UL><LI><a href="#[85]">&gt;&gt;</a>&nbsp;&nbsp;&nbsp;HAL_UART_DMAStop
<LI><a href="#[67]">&gt;&gt;</a>&nbsp;&nbsp;&nbsp;UART_DMAError
</UL>

<P><STRONG><a name="[d1]"></a>UART_Receive_IT</STRONG> (Thumb, 252 bytes, Stack size 24 bytes, stm32f4xx_hal_uart.o(i.UART_Receive_IT))
<BR><BR>[Stack]<UL><LI>Max Depth = 24<LI>Call Chain = UART_Receive_IT
</UL>
<BR>[Calls]<UL><LI><a href="#[103]">&gt;&gt;</a>&nbsp;&nbsp;&nbsp;HAL_UART_RxCpltCallback
<LI><a href="#[d4]">&gt;&gt;</a>&nbsp;&nbsp;&nbsp;HAL_UARTEx_RxEventCallback
</UL>
<BR>[Called By]<UL><LI><a href="#[d0]">&gt;&gt;</a>&nbsp;&nbsp;&nbsp;HAL_UART_IRQHandler
</UL>

<P><STRONG><a name="[d9]"></a>UART_SetConfig</STRONG> (Thumb, 546 bytes, Stack size 40 bytes, stm32f4xx_hal_uart.o(i.UART_SetConfig))
<BR><BR>[Stack]<UL><LI>Max Depth = 80<LI>Call Chain = UART_SetConfig &rArr; __aeabi_uldivmod
</UL>
<BR>[Calls]<UL><LI><a href="#[a8]">&gt;&gt;</a>&nbsp;&nbsp;&nbsp;HAL_RCC_GetPCLK1Freq
<LI><a href="#[b5]">&gt;&gt;</a>&nbsp;&nbsp;&nbsp;HAL_RCC_GetPCLK2Freq
<LI><a href="#[72]">&gt;&gt;</a>&nbsp;&nbsp;&nbsp;__aeabi_uldivmod
</UL>
<BR>[Called By]<UL><LI><a href="#[d7]">&gt;&gt;</a>&nbsp;&nbsp;&nbsp;HAL_UART_Init
</UL>

<P><STRONG><a name="[d5]"></a>UART_Transmit_IT</STRONG> (Thumb, 96 bytes, Stack size 0 bytes, stm32f4xx_hal_uart.o(i.UART_Transmit_IT))
<BR><BR>[Called By]<UL><LI><a href="#[d0]">&gt;&gt;</a>&nbsp;&nbsp;&nbsp;HAL_UART_IRQHandler
</UL>

<P><STRONG><a name="[de]"></a>UART_WaitOnFlagUntilTimeout</STRONG> (Thumb, 140 bytes, Stack size 32 bytes, stm32f4xx_hal_uart.o(i.UART_WaitOnFlagUntilTimeout))
<BR><BR>[Stack]<UL><LI>Max Depth = 32<LI>Call Chain = UART_WaitOnFlagUntilTimeout
</UL>
<BR>[Calls]<UL><LI><a href="#[99]">&gt;&gt;</a>&nbsp;&nbsp;&nbsp;HAL_GetTick
<LI><a href="#[cf]">&gt;&gt;</a>&nbsp;&nbsp;&nbsp;UART_EndRxTransfer
</UL>
<BR>[Called By]<UL><LI><a href="#[dd]">&gt;&gt;</a>&nbsp;&nbsp;&nbsp;HAL_UART_Transmit
</UL>

<P><STRONG><a name="[10d]"></a>__disable_interrupts</STRONG> (Thumb, 14 bytes, Stack size 0 bytes, tx_byte_allocate.o(i.__disable_interrupts))
<BR><BR>[Called By]<UL><LI><a href="#[10c]">&gt;&gt;</a>&nbsp;&nbsp;&nbsp;_tx_byte_allocate
</UL>

<P><STRONG><a name="[10e]"></a>__restore_interrupt</STRONG> (Thumb, 6 bytes, Stack size 0 bytes, tx_byte_allocate.o(i.__restore_interrupt))
<BR><BR>[Called By]<UL><LI><a href="#[10c]">&gt;&gt;</a>&nbsp;&nbsp;&nbsp;_tx_byte_allocate
</UL>

<P><STRONG><a name="[111]"></a>__disable_interrupts</STRONG> (Thumb, 14 bytes, Stack size 0 bytes, tx_byte_pool_cleanup.o(i.__disable_interrupts))
<BR><BR>[Called By]<UL><LI><a href="#[69]">&gt;&gt;</a>&nbsp;&nbsp;&nbsp;_tx_byte_pool_cleanup
</UL>

<P><STRONG><a name="[114]"></a>__disable_interrupts</STRONG> (Thumb, 14 bytes, Stack size 0 bytes, tx_byte_pool_search.o(i.__disable_interrupts))
<BR><BR>[Called By]<UL><LI><a href="#[10f]">&gt;&gt;</a>&nbsp;&nbsp;&nbsp;_tx_byte_pool_search
</UL>

<P><STRONG><a name="[115]"></a>__restore_interrupt</STRONG> (Thumb, 6 bytes, Stack size 0 bytes, tx_byte_pool_search.o(i.__restore_interrupt))
<BR><BR>[Called By]<UL><LI><a href="#[10f]">&gt;&gt;</a>&nbsp;&nbsp;&nbsp;_tx_byte_pool_search
</UL>

<P><STRONG><a name="[11f]"></a>__disable_interrupts</STRONG> (Thumb, 14 bytes, Stack size 0 bytes, tx_thread_create.o(i.__disable_interrupts))
<BR><BR>[Called By]<UL><LI><a href="#[11d]">&gt;&gt;</a>&nbsp;&nbsp;&nbsp;_tx_thread_create
</UL>

<P><STRONG><a name="[121]"></a>__disable_interrupts</STRONG> (Thumb, 14 bytes, Stack size 0 bytes, tx_thread_shell_entry.o(i.__disable_interrupts))
<BR><BR>[Called By]<UL><LI><a href="#[6b]">&gt;&gt;</a>&nbsp;&nbsp;&nbsp;_tx_thread_shell_entry
</UL>

<P><STRONG><a name="[122]"></a>__restore_interrupt</STRONG> (Thumb, 6 bytes, Stack size 0 bytes, tx_thread_sleep.o(i.__restore_interrupt))
<BR><BR>[Called By]<UL><LI><a href="#[fb]">&gt;&gt;</a>&nbsp;&nbsp;&nbsp;_tx_thread_sleep
</UL>

<P><STRONG><a name="[123]"></a>_tx_thread_system_return_inline</STRONG> (Thumb, 32 bytes, Stack size 0 bytes, tx_thread_system_preempt_check.o(i._tx_thread_system_return_inline))
<BR><BR>[Called By]<UL><LI><a href="#[120]">&gt;&gt;</a>&nbsp;&nbsp;&nbsp;_tx_thread_system_preempt_check
</UL>

<P><STRONG><a name="[125]"></a>_tx_thread_system_return_inline</STRONG> (Thumb, 32 bytes, Stack size 0 bytes, tx_thread_system_resume.o(i._tx_thread_system_return_inline))
<BR><BR>[Called By]<UL><LI><a href="#[112]">&gt;&gt;</a>&nbsp;&nbsp;&nbsp;_tx_thread_system_resume
</UL>

<P><STRONG><a name="[126]"></a>__disable_interrupts</STRONG> (Thumb, 14 bytes, Stack size 0 bytes, tx_thread_system_suspend.o(i.__disable_interrupts))
<BR><BR>[Called By]<UL><LI><a href="#[110]">&gt;&gt;</a>&nbsp;&nbsp;&nbsp;_tx_thread_system_suspend
</UL>

<P><STRONG><a name="[128]"></a>__restore_interrupt</STRONG> (Thumb, 6 bytes, Stack size 0 bytes, tx_thread_system_suspend.o(i.__restore_interrupt))
<BR><BR>[Called By]<UL><LI><a href="#[110]">&gt;&gt;</a>&nbsp;&nbsp;&nbsp;_tx_thread_system_suspend
</UL>

<P><STRONG><a name="[129]"></a>_tx_thread_system_return_inline</STRONG> (Thumb, 32 bytes, Stack size 0 bytes, tx_thread_system_suspend.o(i._tx_thread_system_return_inline))
<BR><BR>[Called By]<UL><LI><a href="#[110]">&gt;&gt;</a>&nbsp;&nbsp;&nbsp;_tx_thread_system_suspend
</UL>

<P><STRONG><a name="[12a]"></a>__disable_interrupts</STRONG> (Thumb, 14 bytes, Stack size 0 bytes, tx_timer_thread_entry.o(i.__disable_interrupts))
<BR><BR>[Called By]<UL><LI><a href="#[6c]">&gt;&gt;</a>&nbsp;&nbsp;&nbsp;_tx_timer_thread_entry
</UL>

<P><STRONG><a name="[12b]"></a>__restore_interrupt</STRONG> (Thumb, 6 bytes, Stack size 0 bytes, tx_timer_thread_entry.o(i.__restore_interrupt))
<BR><BR>[Called By]<UL><LI><a href="#[6c]">&gt;&gt;</a>&nbsp;&nbsp;&nbsp;_tx_timer_thread_entry
</UL>

<P><STRONG><a name="[12d]"></a>__disable_interrupts</STRONG> (Thumb, 14 bytes, Stack size 0 bytes, txe_byte_pool_create.o(i.__disable_interrupts))
<BR><BR>[Called By]<UL><LI><a href="#[12c]">&gt;&gt;</a>&nbsp;&nbsp;&nbsp;_txe_byte_pool_create
</UL>

<P><STRONG><a name="[12e]"></a>__disable_interrupts</STRONG> (Thumb, 14 bytes, Stack size 0 bytes, txe_thread_create.o(i.__disable_interrupts))
<BR><BR>[Called By]<UL><LI><a href="#[f9]">&gt;&gt;</a>&nbsp;&nbsp;&nbsp;_txe_thread_create
</UL>

<P><STRONG><a name="[108]"></a>_printf_core</STRONG> (Thumb, 748 bytes, Stack size 96 bytes, printf6.o(i._printf_core), UNUSED)
<BR><BR>[Calls]<UL><LI><a href="#[10a]">&gt;&gt;</a>&nbsp;&nbsp;&nbsp;__aeabi_uidivmod
<LI><a href="#[109]">&gt;&gt;</a>&nbsp;&nbsp;&nbsp;_printf_pre_padding
<LI><a href="#[10b]">&gt;&gt;</a>&nbsp;&nbsp;&nbsp;_printf_post_padding
</UL>
<BR>[Called By]<UL><LI><a href="#[107]">&gt;&gt;</a>&nbsp;&nbsp;&nbsp;__0printf$6
</UL>

<P><STRONG><a name="[10b]"></a>_printf_post_padding</STRONG> (Thumb, 36 bytes, Stack size 24 bytes, printf6.o(i._printf_post_padding), UNUSED)
<BR><BR>[Called By]<UL><LI><a href="#[108]">&gt;&gt;</a>&nbsp;&nbsp;&nbsp;_printf_core
</UL>

<P><STRONG><a name="[109]"></a>_printf_pre_padding</STRONG> (Thumb, 46 bytes, Stack size 24 bytes, printf6.o(i._printf_pre_padding), UNUSED)
<BR><BR>[Called By]<UL><LI><a href="#[108]">&gt;&gt;</a>&nbsp;&nbsp;&nbsp;_printf_core
</UL>
<P>
<H3>
Undefined Global Symbols
</H3><HR></body></html>
